MCS-51 MACRO ASSEMBLER    MK_LAB3                                                                   09/06/;8   PAGE    1


DOS 5.0 (038-N) MCS-51 MACRO ASSEMBLER, V2.3
OBJECT MODULE PLACED IN C:\MK\MCS8052\MK_LAB3.OBJ
ASSEMBLER INVOKED BY:  C:\MK\MCS8052\ASM51.EXE C:\MK\MCS8052\MK_LAB3.ASM
                       

LOC  OBJ            LINE     SOURCE

0000                   1     org 0h
0000 02812D            2     ljmp start
                       3     
8100                   4     org 8100h
                       5     print:
8100 900002            6             mov dptr, #2
8103 F8                7             mov r0, A       ; P^P>P;P8Q^P5Q^Q^P2P> Q^.P5. P=P0P?Q^Q^P6P5P=P8Q^
8104 5480              8             anl A, #80h     ; P^P=P0P:
                       9     
8106 7005             10             jnz plus
                      11     
8108 740B             12             mov A, #11      ; minus code
810A 02810F           13             jmp skip
                      14     plus:
810D 740A             15             mov A, #10
                      16     skip:
810F 4410             17             orl A, #10h
8111 F0               18             movx @dptr, A
                      19     
8112 E8               20             mov A, r0
8113 547F             21             anl A, #7Fh
8115 23               22             rl A
                      23     
8116 75F032           24             mov B, #50
8119 84               25             div AB
811A 4420             26             orl A, #20h
811C F0               27             movx @dptr, A
                      28     
811D E5F0             29             mov A, B
811F 75F005           30             mov B, #5
8122 84               31             div AB
8123 4440             32             orl A, #40h
8125 F0               33             movx @dptr, A
                      34     
8126 E5F0             35             mov A, B
8128 23               36             rl A
8129 4480             37             orl A, #80h
812B F0               38             movx @dptr, A
812C 22               39             ret
                      40     
                      41     
                      42     start:
812D D290             43             setb p1.0
812F 900003           44             mov dptr, #3
8132 7482             45             mov A, #82h
8134 F0               46             movx @dptr, A
                      47     
8135 900000           48             mov dptr, #0            ; P^P>Q^Q^ A
8138 7410             49             mov A, #10000b
813A F0               50             movx @dptr, A
MCS-51 MACRO ASSEMBLER    MK_LAB3                                                                   09/06/;8   PAGE    2


LOC  OBJ            LINE     SOURCE

                      51     
                      52     cycle:
813B C290             53             clr p1.0
813D 2091FD           54             jb p1.1, $              ; P^P>P:P0 P5P4P8P=P8Q^P0, P4P0P;Q^Q^P5 P=P5 P8P4Q^P<
8140 900001           55             mov dptr, #1    ; P^P>Q^Q^ B
8143 E0               56             movx A, @dptr   ; P^P7 P2P=P5Q^P=P5P9 P?P0P<Q^Q^P8 (P?P>Q^Q^P0 B) Q^Q^P8Q^Q^P2P0P5P
                             < P:P>P4 P=P0P?Q^Q^P6P5P=P8Q^ P2 A
8144 128100           57             lcall print
8147 D290             58             setb p1.0
8149 80F0             59             jmp cycle
                      60     ; E1 = pa.4
                      61     ; 1 = 40 mV
                      62     end
MCS-51 MACRO ASSEMBLER    MK_LAB3                                                                   09/06/;8   PAGE    3


SYMBOL TABLE LISTING
------ ----- -------


N A M E     T Y P E   V A L U E       A T T R I B U T E S

B. . . . .  D ADDR    00F0H   A       
CYCLE. . .  C ADDR    813BH   A       
P1 . . . .  D ADDR    0090H   A       
PLUS . . .  C ADDR    810DH   A       
PRINT. . .  C ADDR    8100H   A       
SKIP . . .  C ADDR    810FH   A       
START. . .  C ADDR    812DH   A       


REGISTER BANK(S) USED: 0

ASSEMBLY COMPLETE, NO ERRORS FOUND
