******************************************************************************
                  MSP430 Linker PC v18.12.4                    
******************************************************************************
>> Linked Sat Mar 21 08:49:48 2020

OUTPUT FILE NAME:   <MSP430-leds.out>
ENTRY POINT SYMBOL: "_c_int00_noargs"  address: 000046b2


MEMORY CONFIGURATION

         name            origin    length      used     unused   attr    fill
----------------------  --------  ---------  --------  --------  ----  --------
  SFR                   00000000   00000010  00000000  00000010  RWIX
  PERIPHERALS_8BIT      00000010   000000f0  00000000  000000f0  RWIX
  PERIPHERALS_16BIT     00000100   00000100  00000000  00000100  RWIX
  INFOB                 00001000   00000080  00000000  00000080  RWIX
  INFOA                 00001080   00000080  00000000  00000080  RWIX
  RAM                   00001100   00002800  0000006f  00002791  RWIX
  FLASH                 00004000   0000bfe0  00000772  0000b86e  RWIX
  INT00                 0000ffe0   00000002  00000002  00000000  RWIX
  INT01                 0000ffe2   00000002  00000002  00000000  RWIX
  INT02                 0000ffe4   00000002  00000002  00000000  RWIX
  INT03                 0000ffe6   00000002  00000002  00000000  RWIX
  INT04                 0000ffe8   00000002  00000002  00000000  RWIX
  INT05                 0000ffea   00000002  00000002  00000000  RWIX
  INT06                 0000ffec   00000002  00000002  00000000  RWIX
  INT07                 0000ffee   00000002  00000002  00000000  RWIX
  INT08                 0000fff0   00000002  00000002  00000000  RWIX
  INT09                 0000fff2   00000002  00000002  00000000  RWIX
  INT10                 0000fff4   00000002  00000002  00000000  RWIX
  INT11                 0000fff6   00000002  00000002  00000000  RWIX
  INT12                 0000fff8   00000002  00000002  00000000  RWIX
  INT13                 0000fffa   00000002  00000002  00000000  RWIX
  INT14                 0000fffc   00000002  00000002  00000000  RWIX
  RESET                 0000fffe   00000002  00000002  00000000  RWIX


SECTION ALLOCATION MAP

 output                                  attributes/
section   page    origin      length       input sections
--------  ----  ----------  ----------   ----------------
.data      0    00001100    00000011     UNINITIALIZED
                  00001100    0000000c     keys.obj (.data:table_keys)
                  0000110c    00000003     main.obj (.data)
                  0000110f    00000001     keys.obj (.data)
                  00001110    00000001     leds.obj (.data)

.bss       0    00001112    0000000e     UNINITIALIZED
                  00001112    00000002     (.common:BufRptr)
                  00001114    00000002     (.common:BufTptr)
                  00001116    00000002     (.common:Rx_Data)
                  00001118    00000002     (.common:Tx_Data)
                  0000111a    00000002     (.common:wait_i)
                  0000111c    00000002     (.common:wait_j)
                  0000111e    00000001     (.common:keycol)
                  0000111f    00000001     (.common:keyline)

.stack     0    000038b0    00000050     UNINITIALIZED
                  000038b0    00000002     rts430_eabi.lib : boot.c.obj (.stack)
                  000038b2    0000004e     --HOLE--

.text      0    00004000    0000074c     
                  00004000    000000f8     main.obj (.text:main)
                  000040f8    000000f0     leds.obj (.text:LED_fx3)
                  000041e8    000000aa     keys.obj (.text:KEYS_scannow)
                  00004292    0000007c     rts430_eabi.lib : copy_decompress_lzss.c.obj (.text:decompress:lzss:__TI_decompress_lzss)
                  0000430e    00000062     I2C.obj (.text:I2C_ISR)
                  00004370    00000058     rts430_eabi.lib : autoinit.c.obj (.text:__TI_auto_init_nobinit_nopinit_hold_wdt:__TI_auto_init_nobinit_nopinit_hold_wdt)
                  000043c8    0000004e     I2C.obj (.text:Receive_I2C)
                  00004416    0000004c     rts430_eabi.lib : lsr16.asm.obj (.text)
                  00004462    0000004a     I2C.obj (.text:Send_I2C)
                  000044ac    00000046     I2C.obj (.text:Init_I2C)
                  000044f2    00000038     sysfunc.obj (.text:Init_System_Clock)
                  0000452a    00000036     leds.obj (.text:LED_convert)
                  00004560    00000036     main.obj (.text:keyboard_interrupt)
                  00004596    00000036     sysfunc.obj (.text:wait_1ms)
                  000045cc    0000002e     I2C.obj (.text:I2C_ReadByte)
                  000045fa    0000002c     rts430_eabi.lib : lsl16.asm.obj (.text)
                  00004626    00000028     leds.obj (.text:LED_out)
                  0000464e    00000026     I2C.obj (.text:I2C_WriteByte)
                  00004674    00000020     main.obj (.text:reset_keyboard)
                  00004694    0000001e     leds.obj (.text:LED_change)
                  000046b2    0000001c     rts430_eabi.lib : boot.c.obj (.text:_c_int00_noargs)
                  000046ce    00000014                     : copy_zero_init.c.obj (.text:decompress:ZI:__TI_zero_init_nomemset:__TI_zero_init_nomemset)
                  000046e2    00000014                     : mult16_hw.asm.obj (.text)
                  000046f6    00000012                     : copy_decompress_none.c.obj (.text:decompress:none:__TI_decompress_none)
                  00004708    00000012                     : memcpy.c.obj (.text:memcpy)
                  0000471a    00000010                     : epilog.asm.obj (.text)
                  0000472a    00000008     leds.obj (.text:LED_clear)
                  00004732    00000008     rts430_eabi.lib : isr_trap.asm.obj (.text:_isr:__TI_ISR_TRAP)
                  0000473a    00000006     msp430_initialize_unused_interrrupt_vectors.obj (.text:ISR_trap)
                  00004740    00000006     rts430_eabi.lib : exit.c.obj (.text:abort)
                  00004746    00000004                     : pre_init.c.obj (.text:_system_pre_init)
                  0000474a    00000002                     : startup.c.obj (.text:_system_post_cinit)

.cinit     0    0000474c    00000026     
                  0000474c    00000014     (.cinit..data.load) [load image, compression = lzss]
                  00004760    00000006     (__TI_handler_table)
                  00004766    00000004     (.cinit..bss.load) [load image, compression = zero_init]
                  0000476a    00000008     (__TI_cinit_table)

.init_array 
*          0    00004000    00000000     UNINITIALIZED

DACDMA     0    0000ffe0    00000002     
                  0000ffe0    00000002     msp430_initialize_unused_interrrupt_vectors.obj (.int00)

PORT2      0    0000ffe2    00000002     
                  0000ffe2    00000002     msp430_initialize_unused_interrrupt_vectors.obj (.int01)

USART1TX   0    0000ffe4    00000002     
                  0000ffe4    00000002     msp430_initialize_unused_interrrupt_vectors.obj (.int02)

USART1RX   0    0000ffe6    00000002     
                  0000ffe6    00000002     msp430_initialize_unused_interrrupt_vectors.obj (.int03)

PORT1      0    0000ffe8    00000002     
                  0000ffe8    00000002     main.obj (.int04)

TIMERA1    0    0000ffea    00000002     
                  0000ffea    00000002     msp430_initialize_unused_interrrupt_vectors.obj (.int05)

TIMERA0    0    0000ffec    00000002     
                  0000ffec    00000002     msp430_initialize_unused_interrrupt_vectors.obj (.int06)

ADC12      0    0000ffee    00000002     
                  0000ffee    00000002     msp430_initialize_unused_interrrupt_vectors.obj (.int07)

USART0TX   0    0000fff0    00000002     
                  0000fff0    00000002     I2C.obj (.int08)

USART0RX   0    0000fff2    00000002     
                  0000fff2    00000002     rts430_eabi.lib : int09.asm.obj (.int09)

WDT        0    0000fff4    00000002     
                  0000fff4    00000002     msp430_initialize_unused_interrrupt_vectors.obj (.int10)

COMPARATORA 
*          0    0000fff6    00000002     
                  0000fff6    00000002     msp430_initialize_unused_interrrupt_vectors.obj (.int11)

TIMERB1    0    0000fff8    00000002     
                  0000fff8    00000002     msp430_initialize_unused_interrrupt_vectors.obj (.int12)

TIMERB0    0    0000fffa    00000002     
                  0000fffa    00000002     msp430_initialize_unused_interrrupt_vectors.obj (.int13)

NMI        0    0000fffc    00000002     
                  0000fffc    00000002     msp430_initialize_unused_interrrupt_vectors.obj (.int14)

.reset     0    0000fffe    00000002     
                  0000fffe    00000002     rts430_eabi.lib : boot.c.obj (.reset)

MODULE SUMMARY

       Module                                            code   ro data   rw data
       ------                                            ----   -------   -------
    .\
       I2C.obj                                           404    2         0      
       leds.obj                                          372    0         1      
       main.obj                                          334    2         15     
       keys.obj                                          170    0         15     
       sysfunc.obj                                       110    0         0      
       msp430_initialize_unused_interrrupt_vectors.obj   6      24        0      
    +--+-------------------------------------------------+------+---------+---------+
       Total:                                            1396   28        31     
                                                                                 
    C:\TI\ccs930\ccs\tools\compiler\ti-cgt-msp430_18.12.4.LTS\lib\rts430_eabi.lib
       copy_decompress_lzss.c.obj                        124    0         0      
       autoinit.c.obj                                    88     0         0      
       lsr16.asm.obj                                     76     0         0      
       lsl16.asm.obj                                     44     0         0      
       boot.c.obj                                        28     2         0      
       copy_zero_init.c.obj                              20     0         0      
       mult16_hw.asm.obj                                 20     0         0      
       copy_decompress_none.c.obj                        18     0         0      
       memcpy.c.obj                                      18     0         0      
       epilog.asm.obj                                    16     0         0      
       isr_trap.asm.obj                                  8      0         0      
       exit.c.obj                                        6      0         0      
       pre_init.c.obj                                    4      0         0      
       int09.asm.obj                                     0      2         0      
       startup.c.obj                                     2      0         0      
    +--+-------------------------------------------------+------+---------+---------+
       Total:                                            472    4         0      
                                                                                 
       Stack:                                            0      0         80     
       Linker Generated:                                 0      38        0      
    +--+-------------------------------------------------+------+---------+---------+
       Grand Total:                                      1868   70        111    


LINKER GENERATED COPY TABLES

__TI_cinit_table @ 0000476a records: 2, size/record: 4, table size: 8
	.data: load addr=0000474c, load size=00000014 bytes, run addr=00001100, run size=00000011 bytes, compression=lzss
	.bss: load addr=00004766, load size=00000004 bytes, run addr=00001112, run size=0000000e bytes, compression=zero_init


LINKER GENERATED HANDLER TABLE

__TI_handler_table @ 00004760 records: 3, size/record: 2, table size: 6
	index: 0, handler: __TI_zero_init
	index: 1, handler: __TI_decompress_lzss
	index: 2, handler: __TI_decompress_none


GLOBAL SYMBOLS: SORTED ALPHABETICALLY BY Name 

address   name                                   
-------   ----                                   
000001a0  ADC12CTL0                              
000001a2  ADC12CTL1                              
000001a6  ADC12IE                                
000001a4  ADC12IFG                               
000001a8  ADC12IV                                
00000080  ADC12MCTL0                             
00000081  ADC12MCTL1                             
0000008a  ADC12MCTL10                            
0000008b  ADC12MCTL11                            
0000008c  ADC12MCTL12                            
0000008d  ADC12MCTL13                            
0000008e  ADC12MCTL14                            
0000008f  ADC12MCTL15                            
00000082  ADC12MCTL2                             
00000083  ADC12MCTL3                             
00000084  ADC12MCTL4                             
00000085  ADC12MCTL5                             
00000086  ADC12MCTL6                             
00000087  ADC12MCTL7                             
00000088  ADC12MCTL8                             
00000089  ADC12MCTL9                             
00000140  ADC12MEM0                              
00000142  ADC12MEM1                              
00000154  ADC12MEM10                             
00000156  ADC12MEM11                             
00000158  ADC12MEM12                             
0000015a  ADC12MEM13                             
0000015c  ADC12MEM14                             
0000015e  ADC12MEM15                             
00000144  ADC12MEM2                              
00000146  ADC12MEM3                              
00000148  ADC12MEM4                              
0000014a  ADC12MEM5                              
0000014c  ADC12MEM6                              
0000014e  ADC12MEM7                              
00000150  ADC12MEM8                              
00000152  ADC12MEM9                              
00000057  BCSCTL1                                
00000058  BCSCTL2                                
00001112  BufRptr                                
00001114  BufTptr                                
00004740  C$$EXIT                                
00000059  CACTL1                                 
0000005a  CACTL2                                 
0000005b  CAPD                                   
000001c0  DAC12_0CTL                             
000001c8  DAC12_0DAT                             
000001c2  DAC12_1CTL                             
000001ca  DAC12_1DAT                             
00000056  DCOCTL                                 
000001e0  DMA0CTL                                
000001e4  DMA0DA                                 
000001e2  DMA0SA                                 
000001e6  DMA0SZ                                 
000001e8  DMA1CTL                                
000001ec  DMA1DA                                 
000001ea  DMA1SA                                 
000001ee  DMA1SZ                                 
000001f0  DMA2CTL                                
000001f4  DMA2DA                                 
000001f2  DMA2SA                                 
000001f6  DMA2SZ                                 
00000122  DMACTL0                                
00000124  DMACTL1                                
00000128  FCTL1                                  
0000012a  FCTL2                                  
0000012c  FCTL3                                  
00000072  I2CDCTL                                
00000076  I2CDRB                                 
00000076  I2CDRW                                 
00000050  I2CIE                                  
00000051  I2CIFG                                 
0000011c  I2CIV                                  
00000052  I2CNDAT                                
00000118  I2COA                                  
00000073  I2CPSC                                 
0000011a  I2CSA                                  
00000074  I2CSCLH                                
00000075  I2CSCLL                                
00000071  I2CTCTL                                
0000430e  I2C_ISR                                
000045cc  I2C_ReadByte                           
0000464e  I2C_WriteByte                          
00000000  IE1                                    
00000001  IE2                                    
00000002  IFG1                                   
00000003  IFG2                                   
0000473a  ISR_trap                               
000044ac  Init_I2C                               
000044f2  Init_System_Clock                      
0000110f  KEYS_last                              
000041e8  KEYS_scannow                           
00004694  LED_change                             
0000472a  LED_clear                              
00001110  LED_config                             
0000452a  LED_convert                            
000040f8  LED_fx3                                
00004626  LED_out                                
00000134  MAC                                    
00000136  MACS                                   
00000004  ME1                                    
00000005  ME2                                    
00000130  MPY                                    
00000132  MPYS                                   
00000138  OP2                                    
00000022  P1DIR                                  
00000025  P1IE                                   
00000024  P1IES                                  
00000023  P1IFG                                  
00000020  P1IN                                   
00000021  P1OUT                                  
00000026  P1SEL                                  
0000002a  P2DIR                                  
0000002d  P2IE                                   
0000002c  P2IES                                  
0000002b  P2IFG                                  
00000028  P2IN                                   
00000029  P2OUT                                  
0000002e  P2SEL                                  
0000001a  P3DIR                                  
00000018  P3IN                                   
00000019  P3OUT                                  
0000001b  P3SEL                                  
0000001e  P4DIR                                  
0000001c  P4IN                                   
0000001d  P4OUT                                  
0000001f  P4SEL                                  
00000032  P5DIR                                  
00000030  P5IN                                   
00000031  P5OUT                                  
00000033  P5SEL                                  
00000036  P6DIR                                  
00000034  P6IN                                   
00000035  P6OUT                                  
00000037  P6SEL                                  
0000013c  RESHI                                  
0000013a  RESLO                                  
000043c8  Receive_I2C                            
00001116  Rx_Data                                
0000013e  SUMEXT                                 
00000055  SVSCTL                                 
00004462  Send_I2C                               
00000172  TACCR0                                 
00000174  TACCR1                                 
00000176  TACCR2                                 
00000162  TACCTL0                                
00000164  TACCTL1                                
00000166  TACCTL2                                
00000160  TACTL                                  
0000012e  TAIV                                   
00000170  TAR                                    
00000192  TBCCR0                                 
00000194  TBCCR1                                 
00000196  TBCCR2                                 
00000198  TBCCR3                                 
0000019a  TBCCR4                                 
0000019c  TBCCR5                                 
0000019e  TBCCR6                                 
00000182  TBCCTL0                                
00000184  TBCCTL1                                
00000186  TBCCTL2                                
00000188  TBCCTL3                                
0000018a  TBCCTL4                                
0000018c  TBCCTL5                                
0000018e  TBCCTL6                                
00000180  TBCTL                                  
0000011e  TBIV                                   
00000190  TBR                                    
00001118  Tx_Data                                
00000074  U0BR0                                  
00000075  U0BR1                                  
00000070  U0CTL                                  
00000073  U0MCTL                                 
00000072  U0RCTL                                 
00000076  U0RXBUF                                
00000071  U0TCTL                                 
00000077  U0TXBUF                                
0000007c  U1BR0                                  
0000007d  U1BR1                                  
00000078  U1CTL                                  
0000007b  U1MCTL                                 
0000007a  U1RCTL                                 
0000007e  U1RXBUF                                
00000079  U1TCTL                                 
0000007f  U1TXBUF                                
00000120  WDTCTL                                 
00003900  __STACK_END                            
00000050  __STACK_SIZE                           
0000476a  __TI_CINIT_Base                        
00004772  __TI_CINIT_Limit                       
00004760  __TI_Handler_Table_Base                
00004766  __TI_Handler_Table_Limit               
00004732  __TI_ISR_TRAP                          
00004370  __TI_auto_init_nobinit_nopinit_hold_wdt
00004292  __TI_decompress_lzss                   
000046f6  __TI_decompress_none                   
0000ffe0  __TI_int00                             
0000ffe2  __TI_int01                             
0000ffe4  __TI_int02                             
0000ffe6  __TI_int03                             
0000ffe8  __TI_int04                             
0000ffea  __TI_int05                             
0000ffec  __TI_int06                             
0000ffee  __TI_int07                             
0000fff0  __TI_int08                             
0000fff2  __TI_int09                             
0000fff4  __TI_int10                             
0000fff6  __TI_int11                             
0000fff8  __TI_int12                             
0000fffa  __TI_int13                             
0000fffc  __TI_int14                             
ffffffff  __TI_pprof_out_hndl                    
ffffffff  __TI_prof_data_size                    
ffffffff  __TI_prof_data_start                   
000046ce  __TI_zero_init_nomemset                
ffffffff  __c_args__                             
00004726  __mspabi_func_epilog_1                 
00004724  __mspabi_func_epilog_2                 
00004722  __mspabi_func_epilog_3                 
00004720  __mspabi_func_epilog_4                 
0000471e  __mspabi_func_epilog_5                 
0000471c  __mspabi_func_epilog_6                 
0000471a  __mspabi_func_epilog_7                 
000046e2  __mspabi_mpyi_hw                       
000045fa  __mspabi_slli                          
00004622  __mspabi_slli_1                        
00004610  __mspabi_slli_10                       
0000460e  __mspabi_slli_11                       
0000460c  __mspabi_slli_12                       
0000460a  __mspabi_slli_13                       
00004608  __mspabi_slli_14                       
00004606  __mspabi_slli_15                       
00004620  __mspabi_slli_2                        
0000461e  __mspabi_slli_3                        
0000461c  __mspabi_slli_4                        
0000461a  __mspabi_slli_5                        
00004618  __mspabi_slli_6                        
00004616  __mspabi_slli_7                        
00004614  __mspabi_slli_8                        
00004612  __mspabi_slli_9                        
00004416  __mspabi_srli                          
0000445c  __mspabi_srli_1                        
00004438  __mspabi_srli_10                       
00004434  __mspabi_srli_11                       
00004430  __mspabi_srli_12                       
0000442c  __mspabi_srli_13                       
00004428  __mspabi_srli_14                       
00004424  __mspabi_srli_15                       
00004458  __mspabi_srli_2                        
00004454  __mspabi_srli_3                        
00004450  __mspabi_srli_4                        
0000444c  __mspabi_srli_5                        
00004448  __mspabi_srli_6                        
00004444  __mspabi_srli_7                        
00004440  __mspabi_srli_8                        
0000443c  __mspabi_srli_9                        
000046b2  _c_int00_noargs                        
0000fffe  _reset_vector                          
000038b0  _stack                                 
0000474a  _system_post_cinit                     
00004746  _system_pre_init                       
00004740  abort                                  
0000110e  current_key                            
0000110d  key_press                              
00004560  keyboard_interrupt                     
0000111e  keycol                                 
0000111f  keyline                                
00004000  main                                   
00004708  memcpy                                 
00004674  reset_keyboard                         
0000110c  state                                  
00001100  table_keys                             
00004596  wait_1ms                               
0000111a  wait_i                                 
0000111c  wait_j                                 


GLOBAL SYMBOLS: SORTED BY Symbol Address 

address   name                                   
-------   ----                                   
00000000  IE1                                    
00000001  IE2                                    
00000002  IFG1                                   
00000003  IFG2                                   
00000004  ME1                                    
00000005  ME2                                    
00000018  P3IN                                   
00000019  P3OUT                                  
0000001a  P3DIR                                  
0000001b  P3SEL                                  
0000001c  P4IN                                   
0000001d  P4OUT                                  
0000001e  P4DIR                                  
0000001f  P4SEL                                  
00000020  P1IN                                   
00000021  P1OUT                                  
00000022  P1DIR                                  
00000023  P1IFG                                  
00000024  P1IES                                  
00000025  P1IE                                   
00000026  P1SEL                                  
00000028  P2IN                                   
00000029  P2OUT                                  
0000002a  P2DIR                                  
0000002b  P2IFG                                  
0000002c  P2IES                                  
0000002d  P2IE                                   
0000002e  P2SEL                                  
00000030  P5IN                                   
00000031  P5OUT                                  
00000032  P5DIR                                  
00000033  P5SEL                                  
00000034  P6IN                                   
00000035  P6OUT                                  
00000036  P6DIR                                  
00000037  P6SEL                                  
00000050  I2CIE                                  
00000050  __STACK_SIZE                           
00000051  I2CIFG                                 
00000052  I2CNDAT                                
00000055  SVSCTL                                 
00000056  DCOCTL                                 
00000057  BCSCTL1                                
00000058  BCSCTL2                                
00000059  CACTL1                                 
0000005a  CACTL2                                 
0000005b  CAPD                                   
00000070  U0CTL                                  
00000071  I2CTCTL                                
00000071  U0TCTL                                 
00000072  I2CDCTL                                
00000072  U0RCTL                                 
00000073  I2CPSC                                 
00000073  U0MCTL                                 
00000074  I2CSCLH                                
00000074  U0BR0                                  
00000075  I2CSCLL                                
00000075  U0BR1                                  
00000076  I2CDRB                                 
00000076  I2CDRW                                 
00000076  U0RXBUF                                
00000077  U0TXBUF                                
00000078  U1CTL                                  
00000079  U1TCTL                                 
0000007a  U1RCTL                                 
0000007b  U1MCTL                                 
0000007c  U1BR0                                  
0000007d  U1BR1                                  
0000007e  U1RXBUF                                
0000007f  U1TXBUF                                
00000080  ADC12MCTL0                             
00000081  ADC12MCTL1                             
00000082  ADC12MCTL2                             
00000083  ADC12MCTL3                             
00000084  ADC12MCTL4                             
00000085  ADC12MCTL5                             
00000086  ADC12MCTL6                             
00000087  ADC12MCTL7                             
00000088  ADC12MCTL8                             
00000089  ADC12MCTL9                             
0000008a  ADC12MCTL10                            
0000008b  ADC12MCTL11                            
0000008c  ADC12MCTL12                            
0000008d  ADC12MCTL13                            
0000008e  ADC12MCTL14                            
0000008f  ADC12MCTL15                            
00000118  I2COA                                  
0000011a  I2CSA                                  
0000011c  I2CIV                                  
0000011e  TBIV                                   
00000120  WDTCTL                                 
00000122  DMACTL0                                
00000124  DMACTL1                                
00000128  FCTL1                                  
0000012a  FCTL2                                  
0000012c  FCTL3                                  
0000012e  TAIV                                   
00000130  MPY                                    
00000132  MPYS                                   
00000134  MAC                                    
00000136  MACS                                   
00000138  OP2                                    
0000013a  RESLO                                  
0000013c  RESHI                                  
0000013e  SUMEXT                                 
00000140  ADC12MEM0                              
00000142  ADC12MEM1                              
00000144  ADC12MEM2                              
00000146  ADC12MEM3                              
00000148  ADC12MEM4                              
0000014a  ADC12MEM5                              
0000014c  ADC12MEM6                              
0000014e  ADC12MEM7                              
00000150  ADC12MEM8                              
00000152  ADC12MEM9                              
00000154  ADC12MEM10                             
00000156  ADC12MEM11                             
00000158  ADC12MEM12                             
0000015a  ADC12MEM13                             
0000015c  ADC12MEM14                             
0000015e  ADC12MEM15                             
00000160  TACTL                                  
00000162  TACCTL0                                
00000164  TACCTL1                                
00000166  TACCTL2                                
00000170  TAR                                    
00000172  TACCR0                                 
00000174  TACCR1                                 
00000176  TACCR2                                 
00000180  TBCTL                                  
00000182  TBCCTL0                                
00000184  TBCCTL1                                
00000186  TBCCTL2                                
00000188  TBCCTL3                                
0000018a  TBCCTL4                                
0000018c  TBCCTL5                                
0000018e  TBCCTL6                                
00000190  TBR                                    
00000192  TBCCR0                                 
00000194  TBCCR1                                 
00000196  TBCCR2                                 
00000198  TBCCR3                                 
0000019a  TBCCR4                                 
0000019c  TBCCR5                                 
0000019e  TBCCR6                                 
000001a0  ADC12CTL0                              
000001a2  ADC12CTL1                              
000001a4  ADC12IFG                               
000001a6  ADC12IE                                
000001a8  ADC12IV                                
000001c0  DAC12_0CTL                             
000001c2  DAC12_1CTL                             
000001c8  DAC12_0DAT                             
000001ca  DAC12_1DAT                             
000001e0  DMA0CTL                                
000001e2  DMA0SA                                 
000001e4  DMA0DA                                 
000001e6  DMA0SZ                                 
000001e8  DMA1CTL                                
000001ea  DMA1SA                                 
000001ec  DMA1DA                                 
000001ee  DMA1SZ                                 
000001f0  DMA2CTL                                
000001f2  DMA2SA                                 
000001f4  DMA2DA                                 
000001f6  DMA2SZ                                 
00001100  table_keys                             
0000110c  state                                  
0000110d  key_press                              
0000110e  current_key                            
0000110f  KEYS_last                              
00001110  LED_config                             
00001112  BufRptr                                
00001114  BufTptr                                
00001116  Rx_Data                                
00001118  Tx_Data                                
0000111a  wait_i                                 
0000111c  wait_j                                 
0000111e  keycol                                 
0000111f  keyline                                
000038b0  _stack                                 
00003900  __STACK_END                            
00004000  main                                   
000040f8  LED_fx3                                
000041e8  KEYS_scannow                           
00004292  __TI_decompress_lzss                   
0000430e  I2C_ISR                                
00004370  __TI_auto_init_nobinit_nopinit_hold_wdt
000043c8  Receive_I2C                            
00004416  __mspabi_srli                          
00004424  __mspabi_srli_15                       
00004428  __mspabi_srli_14                       
0000442c  __mspabi_srli_13                       
00004430  __mspabi_srli_12                       
00004434  __mspabi_srli_11                       
00004438  __mspabi_srli_10                       
0000443c  __mspabi_srli_9                        
00004440  __mspabi_srli_8                        
00004444  __mspabi_srli_7                        
00004448  __mspabi_srli_6                        
0000444c  __mspabi_srli_5                        
00004450  __mspabi_srli_4                        
00004454  __mspabi_srli_3                        
00004458  __mspabi_srli_2                        
0000445c  __mspabi_srli_1                        
00004462  Send_I2C                               
000044ac  Init_I2C                               
000044f2  Init_System_Clock                      
0000452a  LED_convert                            
00004560  keyboard_interrupt                     
00004596  wait_1ms                               
000045cc  I2C_ReadByte                           
000045fa  __mspabi_slli                          
00004606  __mspabi_slli_15                       
00004608  __mspabi_slli_14                       
0000460a  __mspabi_slli_13                       
0000460c  __mspabi_slli_12                       
0000460e  __mspabi_slli_11                       
00004610  __mspabi_slli_10                       
00004612  __mspabi_slli_9                        
00004614  __mspabi_slli_8                        
00004616  __mspabi_slli_7                        
00004618  __mspabi_slli_6                        
0000461a  __mspabi_slli_5                        
0000461c  __mspabi_slli_4                        
0000461e  __mspabi_slli_3                        
00004620  __mspabi_slli_2                        
00004622  __mspabi_slli_1                        
00004626  LED_out                                
0000464e  I2C_WriteByte                          
00004674  reset_keyboard                         
00004694  LED_change                             
000046b2  _c_int00_noargs                        
000046ce  __TI_zero_init_nomemset                
000046e2  __mspabi_mpyi_hw                       
000046f6  __TI_decompress_none                   
00004708  memcpy                                 
0000471a  __mspabi_func_epilog_7                 
0000471c  __mspabi_func_epilog_6                 
0000471e  __mspabi_func_epilog_5                 
00004720  __mspabi_func_epilog_4                 
00004722  __mspabi_func_epilog_3                 
00004724  __mspabi_func_epilog_2                 
00004726  __mspabi_func_epilog_1                 
0000472a  LED_clear                              
00004732  __TI_ISR_TRAP                          
0000473a  ISR_trap                               
00004740  C$$EXIT                                
00004740  abort                                  
00004746  _system_pre_init                       
0000474a  _system_post_cinit                     
00004760  __TI_Handler_Table_Base                
00004766  __TI_Handler_Table_Limit               
0000476a  __TI_CINIT_Base                        
00004772  __TI_CINIT_Limit                       
0000ffe0  __TI_int00                             
0000ffe2  __TI_int01                             
0000ffe4  __TI_int02                             
0000ffe6  __TI_int03                             
0000ffe8  __TI_int04                             
0000ffea  __TI_int05                             
0000ffec  __TI_int06                             
0000ffee  __TI_int07                             
0000fff0  __TI_int08                             
0000fff2  __TI_int09                             
0000fff4  __TI_int10                             
0000fff6  __TI_int11                             
0000fff8  __TI_int12                             
0000fffa  __TI_int13                             
0000fffc  __TI_int14                             
0000fffe  _reset_vector                          
ffffffff  __TI_pprof_out_hndl                    
ffffffff  __TI_prof_data_size                    
ffffffff  __TI_prof_data_start                   
ffffffff  __c_args__                             

[275 symbols]
