<?xml version="1.0" encoding="ISO-8859-1" ?>
<link_info>
   <banner>MSP430 Linker PC v20.2.0.LTS</banner>
   <copyright>Copyright (c) 2003-2018 Texas Instruments Incorporated</copyright>
   <link_time>0x5ec8d6fb</link_time>
   <link_errors>0x0</link_errors>
   <output_file>MSP430-TIMER+COMPARATOR.out</output_file>
   <entry_point>
      <name>_c_int00_noargs</name>
      <address>0x7c00</address>
   </entry_point>
   <input_file_list>
      <input_file id="fl-2">
         <path>.\</path>
         <kind>object</kind>
         <file>I2C.obj</file>
         <name>I2C.obj</name>
      </input_file>
      <input_file id="fl-3">
         <path>.\</path>
         <kind>object</kind>
         <file>analogsensors.obj</file>
         <name>analogsensors.obj</name>
      </input_file>
      <input_file id="fl-4">
         <path>.\</path>
         <kind>object</kind>
         <file>keys.obj</file>
         <name>keys.obj</name>
      </input_file>
      <input_file id="fl-5">
         <path>.\</path>
         <kind>object</kind>
         <file>lcd.obj</file>
         <name>lcd.obj</name>
      </input_file>
      <input_file id="fl-6">
         <path>.\</path>
         <kind>object</kind>
         <file>leds.obj</file>
         <name>leds.obj</name>
      </input_file>
      <input_file id="fl-7">
         <path>.\</path>
         <kind>object</kind>
         <file>main.obj</file>
         <name>main.obj</name>
      </input_file>
      <input_file id="fl-8">
         <path>.\</path>
         <kind>object</kind>
         <file>msp430_initialize_unused_interrrupt_vectors.obj</file>
         <name>msp430_initialize_unused_interrrupt_vectors.obj</name>
      </input_file>
      <input_file id="fl-9">
         <path>.\</path>
         <kind>object</kind>
         <file>sysfunc.obj</file>
         <name>sysfunc.obj</name>
      </input_file>
      <input_file id="fl-a">
         <path>.\</path>
         <kind>object</kind>
         <file>uart.obj</file>
         <name>uart.obj</name>
      </input_file>
      <input_file id="fl-f">
         <kind>object</kind>
         <file>&lt;internal&gt;</file>
         <name>&lt;internal&gt;</name>
      </input_file>
      <input_file id="fl-25">
         <path>C:\ti\ccs1000\ccs\tools\compiler\ti-cgt-msp430_20.2.0.LTS\lib\</path>
         <kind>archive</kind>
         <file>rts430_eabi.lib</file>
         <name>sprintf.c.obj</name>
      </input_file>
      <input_file id="fl-26">
         <path>C:\ti\ccs1000\ccs\tools\compiler\ti-cgt-msp430_20.2.0.LTS\lib\</path>
         <kind>archive</kind>
         <file>rts430_eabi.lib</file>
         <name>div32s.asm.obj</name>
      </input_file>
      <input_file id="fl-27">
         <path>C:\ti\ccs1000\ccs\tools\compiler\ti-cgt-msp430_20.2.0.LTS\lib\</path>
         <kind>archive</kind>
         <file>rts430_eabi.lib</file>
         <name>div32u.asm.obj</name>
      </input_file>
      <input_file id="fl-28">
         <path>C:\ti\ccs1000\ccs\tools\compiler\ti-cgt-msp430_20.2.0.LTS\lib\</path>
         <kind>archive</kind>
         <file>rts430_eabi.lib</file>
         <name>epilog.asm.obj</name>
      </input_file>
      <input_file id="fl-29">
         <path>C:\ti\ccs1000\ccs\tools\compiler\ti-cgt-msp430_20.2.0.LTS\lib\</path>
         <kind>archive</kind>
         <file>rts430_eabi.lib</file>
         <name>int09.asm.obj</name>
      </input_file>
      <input_file id="fl-2a">
         <path>C:\ti\ccs1000\ccs\tools\compiler\ti-cgt-msp430_20.2.0.LTS\lib\</path>
         <kind>archive</kind>
         <file>rts430_eabi.lib</file>
         <name>isr_trap.asm.obj</name>
      </input_file>
      <input_file id="fl-2b">
         <path>C:\ti\ccs1000\ccs\tools\compiler\ti-cgt-msp430_20.2.0.LTS\lib\</path>
         <kind>archive</kind>
         <file>rts430_eabi.lib</file>
         <name>lsl16.asm.obj</name>
      </input_file>
      <input_file id="fl-2c">
         <path>C:\ti\ccs1000\ccs\tools\compiler\ti-cgt-msp430_20.2.0.LTS\lib\</path>
         <kind>archive</kind>
         <file>rts430_eabi.lib</file>
         <name>mult16.asm.obj</name>
      </input_file>
      <input_file id="fl-2d">
         <path>C:\ti\ccs1000\ccs\tools\compiler\ti-cgt-msp430_20.2.0.LTS\lib\</path>
         <kind>archive</kind>
         <file>rts430_eabi.lib</file>
         <name>mult16_hw.asm.obj</name>
      </input_file>
      <input_file id="fl-2e">
         <path>C:\ti\ccs1000\ccs\tools\compiler\ti-cgt-msp430_20.2.0.LTS\lib\</path>
         <kind>archive</kind>
         <file>rts430_eabi.lib</file>
         <name>mult1632_hw.asm.obj</name>
      </input_file>
      <input_file id="fl-2f">
         <path>C:\ti\ccs1000\ccs\tools\compiler\ti-cgt-msp430_20.2.0.LTS\lib\</path>
         <kind>archive</kind>
         <file>rts430_eabi.lib</file>
         <name>mult32.asm.obj</name>
      </input_file>
      <input_file id="fl-30">
         <path>C:\ti\ccs1000\ccs\tools\compiler\ti-cgt-msp430_20.2.0.LTS\lib\</path>
         <kind>archive</kind>
         <file>rts430_eabi.lib</file>
         <name>mult32_hw.asm.obj</name>
      </input_file>
      <input_file id="fl-31">
         <path>C:\ti\ccs1000\ccs\tools\compiler\ti-cgt-msp430_20.2.0.LTS\lib\</path>
         <kind>archive</kind>
         <file>rts430_eabi.lib</file>
         <name>mult3264_hw.asm.obj</name>
      </input_file>
      <input_file id="fl-32">
         <path>C:\ti\ccs1000\ccs\tools\compiler\ti-cgt-msp430_20.2.0.LTS\lib\</path>
         <kind>archive</kind>
         <file>rts430_eabi.lib</file>
         <name>mult64_hw.asm.obj</name>
      </input_file>
      <input_file id="fl-33">
         <path>C:\ti\ccs1000\ccs\tools\compiler\ti-cgt-msp430_20.2.0.LTS\lib\</path>
         <kind>archive</kind>
         <file>rts430_eabi.lib</file>
         <name>boot.c.obj</name>
      </input_file>
      <input_file id="fl-34">
         <path>C:\ti\ccs1000\ccs\tools\compiler\ti-cgt-msp430_20.2.0.LTS\lib\</path>
         <kind>archive</kind>
         <file>rts430_eabi.lib</file>
         <name>autoinit.c.obj</name>
      </input_file>
      <input_file id="fl-35">
         <path>C:\ti\ccs1000\ccs\tools\compiler\ti-cgt-msp430_20.2.0.LTS\lib\</path>
         <kind>archive</kind>
         <file>rts430_eabi.lib</file>
         <name>copy_zero_init.c.obj</name>
      </input_file>
      <input_file id="fl-36">
         <path>C:\ti\ccs1000\ccs\tools\compiler\ti-cgt-msp430_20.2.0.LTS\lib\</path>
         <kind>archive</kind>
         <file>rts430_eabi.lib</file>
         <name>cpy_tbl.c.obj</name>
      </input_file>
      <input_file id="fl-37">
         <path>C:\ti\ccs1000\ccs\tools\compiler\ti-cgt-msp430_20.2.0.LTS\lib\</path>
         <kind>archive</kind>
         <file>rts430_eabi.lib</file>
         <name>mpu_init.c.obj</name>
      </input_file>
      <input_file id="fl-38">
         <path>C:\ti\ccs1000\ccs\tools\compiler\ti-cgt-msp430_20.2.0.LTS\lib\</path>
         <kind>archive</kind>
         <file>rts430_eabi.lib</file>
         <name>pre_init.c.obj</name>
      </input_file>
      <input_file id="fl-39">
         <path>C:\ti\ccs1000\ccs\tools\compiler\ti-cgt-msp430_20.2.0.LTS\lib\</path>
         <kind>archive</kind>
         <file>rts430_eabi.lib</file>
         <name>startup.c.obj</name>
      </input_file>
      <input_file id="fl-3a">
         <path>C:\ti\ccs1000\ccs\tools\compiler\ti-cgt-msp430_20.2.0.LTS\lib\</path>
         <kind>archive</kind>
         <file>rts430_eabi.lib</file>
         <name>copy_decompress_none.c.obj</name>
      </input_file>
      <input_file id="fl-3b">
         <path>C:\ti\ccs1000\ccs\tools\compiler\ti-cgt-msp430_20.2.0.LTS\lib\</path>
         <kind>archive</kind>
         <file>rts430_eabi.lib</file>
         <name>copy_decompress_lzss.c.obj</name>
      </input_file>
      <input_file id="fl-3c">
         <path>C:\ti\ccs1000\ccs\tools\compiler\ti-cgt-msp430_20.2.0.LTS\lib\</path>
         <kind>archive</kind>
         <file>rts430_eabi.lib</file>
         <name>cvtdf.c.obj</name>
      </input_file>
      <input_file id="fl-3d">
         <path>C:\ti\ccs1000\ccs\tools\compiler\ti-cgt-msp430_20.2.0.LTS\lib\</path>
         <kind>archive</kind>
         <file>rts430_eabi.lib</file>
         <name>cvtfd.c.obj</name>
      </input_file>
      <input_file id="fl-3e">
         <path>C:\ti\ccs1000\ccs\tools\compiler\ti-cgt-msp430_20.2.0.LTS\lib\</path>
         <kind>archive</kind>
         <file>rts430_eabi.lib</file>
         <name>divd.c.obj</name>
      </input_file>
      <input_file id="fl-3f">
         <path>C:\ti\ccs1000\ccs\tools\compiler\ti-cgt-msp430_20.2.0.LTS\lib\</path>
         <kind>archive</kind>
         <file>rts430_eabi.lib</file>
         <name>fltud.c.obj</name>
      </input_file>
      <input_file id="fl-40">
         <path>C:\ti\ccs1000\ccs\tools\compiler\ti-cgt-msp430_20.2.0.LTS\lib\</path>
         <kind>archive</kind>
         <file>rts430_eabi.lib</file>
         <name>fltuld.c.obj</name>
      </input_file>
      <input_file id="fl-41">
         <path>C:\ti\ccs1000\ccs\tools\compiler\ti-cgt-msp430_20.2.0.LTS\lib\</path>
         <kind>archive</kind>
         <file>rts430_eabi.lib</file>
         <name>frcdivd.c.obj</name>
      </input_file>
      <input_file id="fl-42">
         <path>C:\ti\ccs1000\ccs\tools\compiler\ti-cgt-msp430_20.2.0.LTS\lib\</path>
         <kind>archive</kind>
         <file>rts430_eabi.lib</file>
         <name>mpyd.c.obj</name>
      </input_file>
      <input_file id="fl-43">
         <path>C:\ti\ccs1000\ccs\tools\compiler\ti-cgt-msp430_20.2.0.LTS\lib\</path>
         <kind>archive</kind>
         <file>rts430_eabi.lib</file>
         <name>subd.c.obj</name>
      </input_file>
      <input_file id="fl-44">
         <path>C:\ti\ccs1000\ccs\tools\compiler\ti-cgt-msp430_20.2.0.LTS\lib\</path>
         <kind>archive</kind>
         <file>rts430_eabi.lib</file>
         <name>exit.c.obj</name>
      </input_file>
      <input_file id="fl-45">
         <path>C:\ti\ccs1000\ccs\tools\compiler\ti-cgt-msp430_20.2.0.LTS\lib\</path>
         <kind>archive</kind>
         <file>rts430_eabi.lib</file>
         <name>_lock.c.obj</name>
      </input_file>
      <input_file id="fl-46">
         <path>C:\ti\ccs1000\ccs\tools\compiler\ti-cgt-msp430_20.2.0.LTS\lib\</path>
         <kind>archive</kind>
         <file>rts430_eabi.lib</file>
         <name>args_main.c.obj</name>
      </input_file>
      <input_file id="fl-47">
         <path>C:\ti\ccs1000\ccs\tools\compiler\ti-cgt-msp430_20.2.0.LTS\lib\</path>
         <kind>archive</kind>
         <file>rts430_eabi.lib</file>
         <name>memcpy.c.obj</name>
      </input_file>
      <input_file id="fl-48">
         <path>C:\ti\ccs1000\ccs\tools\compiler\ti-cgt-msp430_20.2.0.LTS\lib\</path>
         <kind>archive</kind>
         <file>rts430_eabi.lib</file>
         <name>_printfi.c.obj</name>
      </input_file>
      <input_file id="fl-49">
         <path>C:\ti\ccs1000\ccs\tools\compiler\ti-cgt-msp430_20.2.0.LTS\lib\</path>
         <kind>archive</kind>
         <file>rts430_eabi.lib</file>
         <name>asr16.asm.obj</name>
      </input_file>
      <input_file id="fl-4a">
         <path>C:\ti\ccs1000\ccs\tools\compiler\ti-cgt-msp430_20.2.0.LTS\lib\</path>
         <kind>archive</kind>
         <file>rts430_eabi.lib</file>
         <name>asr32.asm.obj</name>
      </input_file>
      <input_file id="fl-4b">
         <path>C:\ti\ccs1000\ccs\tools\compiler\ti-cgt-msp430_20.2.0.LTS\lib\</path>
         <kind>archive</kind>
         <file>rts430_eabi.lib</file>
         <name>div16u.asm.obj</name>
      </input_file>
      <input_file id="fl-4c">
         <path>C:\ti\ccs1000\ccs\tools\compiler\ti-cgt-msp430_20.2.0.LTS\lib\</path>
         <kind>archive</kind>
         <file>rts430_eabi.lib</file>
         <name>lsl32.asm.obj</name>
      </input_file>
      <input_file id="fl-4d">
         <path>C:\ti\ccs1000\ccs\tools\compiler\ti-cgt-msp430_20.2.0.LTS\lib\</path>
         <kind>archive</kind>
         <file>rts430_eabi.lib</file>
         <name>lsr16.asm.obj</name>
      </input_file>
      <input_file id="fl-4e">
         <path>C:\ti\ccs1000\ccs\tools\compiler\ti-cgt-msp430_20.2.0.LTS\lib\</path>
         <kind>archive</kind>
         <file>rts430_eabi.lib</file>
         <name>lsr32.asm.obj</name>
      </input_file>
      <input_file id="fl-4f">
         <path>C:\ti\ccs1000\ccs\tools\compiler\ti-cgt-msp430_20.2.0.LTS\lib\</path>
         <kind>archive</kind>
         <file>rts430_eabi.lib</file>
         <name>exit_gvars.c.obj</name>
      </input_file>
      <input_file id="fl-50">
         <path>C:\ti\ccs1000\ccs\tools\compiler\ti-cgt-msp430_20.2.0.LTS\lib\</path>
         <kind>archive</kind>
         <file>rts430_eabi.lib</file>
         <name>lsr64.c.obj</name>
      </input_file>
      <input_file id="fl-51">
         <path>C:\ti\ccs1000\ccs\tools\compiler\ti-cgt-msp430_20.2.0.LTS\lib\</path>
         <kind>archive</kind>
         <file>rts430_eabi.lib</file>
         <name>div64u.c.obj</name>
      </input_file>
      <input_file id="fl-52">
         <path>C:\ti\ccs1000\ccs\tools\compiler\ti-cgt-msp430_20.2.0.LTS\lib\</path>
         <kind>archive</kind>
         <file>rts430_eabi.lib</file>
         <name>addd.c.obj</name>
      </input_file>
      <input_file id="fl-53">
         <path>C:\ti\ccs1000\ccs\tools\compiler\ti-cgt-msp430_20.2.0.LTS\lib\</path>
         <kind>archive</kind>
         <file>rts430_eabi.lib</file>
         <name>cmpd.c.obj</name>
      </input_file>
      <input_file id="fl-54">
         <path>C:\ti\ccs1000\ccs\tools\compiler\ti-cgt-msp430_20.2.0.LTS\lib\</path>
         <kind>archive</kind>
         <file>rts430_eabi.lib</file>
         <name>fixdi.c.obj</name>
      </input_file>
      <input_file id="fl-55">
         <path>C:\ti\ccs1000\ccs\tools\compiler\ti-cgt-msp430_20.2.0.LTS\lib\</path>
         <kind>archive</kind>
         <file>rts430_eabi.lib</file>
         <name>fixdli.c.obj</name>
      </input_file>
      <input_file id="fl-56">
         <path>C:\ti\ccs1000\ccs\tools\compiler\ti-cgt-msp430_20.2.0.LTS\lib\</path>
         <kind>archive</kind>
         <file>rts430_eabi.lib</file>
         <name>fltid.c.obj</name>
      </input_file>
      <input_file id="fl-57">
         <path>C:\ti\ccs1000\ccs\tools\compiler\ti-cgt-msp430_20.2.0.LTS\lib\</path>
         <kind>archive</kind>
         <file>rts430_eabi.lib</file>
         <name>fltlid.c.obj</name>
      </input_file>
      <input_file id="fl-58">
         <path>C:\ti\ccs1000\ccs\tools\compiler\ti-cgt-msp430_20.2.0.LTS\lib\</path>
         <kind>archive</kind>
         <file>rts430_eabi.lib</file>
         <name>frcaddd.c.obj</name>
      </input_file>
      <input_file id="fl-59">
         <path>C:\ti\ccs1000\ccs\tools\compiler\ti-cgt-msp430_20.2.0.LTS\lib\</path>
         <kind>archive</kind>
         <file>rts430_eabi.lib</file>
         <name>frcmpyd.c.obj</name>
      </input_file>
      <input_file id="fl-5a">
         <path>C:\ti\ccs1000\ccs\tools\compiler\ti-cgt-msp430_20.2.0.LTS\lib\</path>
         <kind>archive</kind>
         <file>rts430_eabi.lib</file>
         <name>negd.c.obj</name>
      </input_file>
      <input_file id="fl-5b">
         <path>C:\ti\ccs1000\ccs\tools\compiler\ti-cgt-msp430_20.2.0.LTS\lib\</path>
         <kind>archive</kind>
         <file>rts430_eabi.lib</file>
         <name>renormd.c.obj</name>
      </input_file>
      <input_file id="fl-5c">
         <path>C:\ti\ccs1000\ccs\tools\compiler\ti-cgt-msp430_20.2.0.LTS\lib\</path>
         <kind>archive</kind>
         <file>rts430_eabi.lib</file>
         <name>_ltoa.c.obj</name>
      </input_file>
      <input_file id="fl-5d">
         <path>C:\ti\ccs1000\ccs\tools\compiler\ti-cgt-msp430_20.2.0.LTS\lib\</path>
         <kind>archive</kind>
         <file>rts430_eabi.lib</file>
         <name>atoi.c.obj</name>
      </input_file>
      <input_file id="fl-5e">
         <path>C:\ti\ccs1000\ccs\tools\compiler\ti-cgt-msp430_20.2.0.LTS\lib\</path>
         <kind>archive</kind>
         <file>rts430_eabi.lib</file>
         <name>ctype.c.obj</name>
      </input_file>
      <input_file id="fl-5f">
         <path>C:\ti\ccs1000\ccs\tools\compiler\ti-cgt-msp430_20.2.0.LTS\lib\</path>
         <kind>archive</kind>
         <file>rts430_eabi.lib</file>
         <name>memccpy.c.obj</name>
      </input_file>
      <input_file id="fl-60">
         <path>C:\ti\ccs1000\ccs\tools\compiler\ti-cgt-msp430_20.2.0.LTS\lib\</path>
         <kind>archive</kind>
         <file>rts430_eabi.lib</file>
         <name>memset.c.obj</name>
      </input_file>
      <input_file id="fl-61">
         <path>C:\ti\ccs1000\ccs\tools\compiler\ti-cgt-msp430_20.2.0.LTS\lib\</path>
         <kind>archive</kind>
         <file>rts430_eabi.lib</file>
         <name>strchr.c.obj</name>
      </input_file>
      <input_file id="fl-62">
         <path>C:\ti\ccs1000\ccs\tools\compiler\ti-cgt-msp430_20.2.0.LTS\lib\</path>
         <kind>archive</kind>
         <file>rts430_eabi.lib</file>
         <name>strlen.c.obj</name>
      </input_file>
      <input_file id="fl-63">
         <path>C:\ti\ccs1000\ccs\tools\compiler\ti-cgt-msp430_20.2.0.LTS\lib\</path>
         <kind>archive</kind>
         <file>rts430_eabi.lib</file>
         <name>toupper.c.obj</name>
      </input_file>
      <input_file id="fl-64">
         <path>C:\ti\ccs1000\ccs\tools\compiler\ti-cgt-msp430_20.2.0.LTS\lib\</path>
         <kind>archive</kind>
         <file>rts430_eabi.lib</file>
         <name>errno.c.obj</name>
      </input_file>
      <input_file id="fl-65">
         <path>C:\ti\ccs1000\ccs\tools\compiler\ti-cgt-msp430_20.2.0.LTS\lib\</path>
         <kind>archive</kind>
         <file>rts430_eabi.lib</file>
         <name>abs.c.obj</name>
      </input_file>
      <input_file id="fl-66">
         <path>C:\ti\ccs1000\ccs\tools\compiler\ti-cgt-msp430_20.2.0.LTS\lib\</path>
         <kind>archive</kind>
         <file>rts430_eabi.lib</file>
         <name>wcslen.c.obj</name>
      </input_file>
      <input_file id="fl-67">
         <path>C:\ti\ccs1000\ccs\tools\compiler\ti-cgt-msp430_20.2.0.LTS\lib\</path>
         <kind>archive</kind>
         <file>rts430_eabi.lib</file>
         <name>s_frexp.c.obj</name>
      </input_file>
      <input_file id="fl-68">
         <path>C:\ti\ccs1000\ccs\tools\compiler\ti-cgt-msp430_20.2.0.LTS\lib\</path>
         <kind>archive</kind>
         <file>rts430_eabi.lib</file>
         <name>s_scalbn.c.obj</name>
      </input_file>
      <input_file id="fl-69">
         <path>C:\ti\ccs1000\ccs\tools\compiler\ti-cgt-msp430_20.2.0.LTS\lib\</path>
         <kind>archive</kind>
         <file>rts430_eabi.lib</file>
         <name>lsl64.c.obj</name>
      </input_file>
      <input_file id="fl-6a">
         <path>C:\ti\ccs1000\ccs\tools\compiler\ti-cgt-msp430_20.2.0.LTS\lib\</path>
         <kind>archive</kind>
         <file>rts430_eabi.lib</file>
         <name>s_copysign.c.obj</name>
      </input_file>
   </input_file_list>
   <object_component_list>
      <object_component id="oc-264">
         <name>.common:LCD_row</name>
         <uninitialized>true</uninitialized>
         <run_address>0x114b</run_address>
         <size>0x1</size>
      </object_component>
      <object_component id="oc-267">
         <name>.common:LCD_col</name>
         <uninitialized>true</uninitialized>
         <run_address>0x114a</run_address>
         <size>0x1</size>
      </object_component>
      <object_component id="oc-27d">
         <name>.common:n</name>
         <uninitialized>true</uninitialized>
         <run_address>0x114c</run_address>
         <size>0x1</size>
      </object_component>
      <object_component id="oc-18e">
         <name>.common:BufTptr</name>
         <uninitialized>true</uninitialized>
         <run_address>0x1144</run_address>
         <size>0x2</size>
      </object_component>
      <object_component id="oc-18b">
         <name>.common:BufRptr</name>
         <uninitialized>true</uninitialized>
         <run_address>0x1142</run_address>
         <size>0x2</size>
      </object_component>
      <object_component id="oc-291">
         <name>.common:wait_i</name>
         <uninitialized>true</uninitialized>
         <run_address>0x1146</run_address>
         <size>0x2</size>
      </object_component>
      <object_component id="oc-292">
         <name>.common:wait_j</name>
         <uninitialized>true</uninitialized>
         <run_address>0x1148</run_address>
         <size>0x2</size>
      </object_component>
      <object_component id="oc-309">
         <name>.data:LCD_table</name>
         <load_address>0x1100</load_address>
         <run_address>0x1100</run_address>
         <size>0x40</size>
         <input_file_ref idref="fl-5"/>
      </object_component>
      <object_component id="oc-367">
         <name>.data</name>
         <load_address>0x1140</load_address>
         <run_address>0x1140</run_address>
         <size>0x2</size>
         <input_file_ref idref="fl-64"/>
      </object_component>
      <object_component id="oc-f2">
         <name>.stack</name>
         <uninitialized>true</uninitialized>
         <run_address>0x370c</run_address>
         <size>0x2</size>
         <input_file_ref idref="fl-33"/>
      </object_component>
      <object_component id="oc-560">
         <name>.stack</name>
         <uninitialized>true</uninitialized>
         <run_address>0x370c</run_address>
         <size>0x0</size>
      </object_component>
      <object_component id="oc-490">
         <name>.text:__TI_frcdivd</name>
         <load_address>0x4000</load_address>
         <run_address>0x4000</run_address>
         <size>0x478</size>
         <input_file_ref idref="fl-41"/>
      </object_component>
      <object_component id="oc-3df">
         <name>.text:__mspabi_divull</name>
         <load_address>0x4478</load_address>
         <run_address>0x4478</run_address>
         <size>0x360</size>
         <input_file_ref idref="fl-51"/>
      </object_component>
      <object_component id="oc-4c6">
         <name>.text:__mspabi_addd</name>
         <load_address>0x47d8</load_address>
         <run_address>0x47d8</run_address>
         <size>0x2fa</size>
         <input_file_ref idref="fl-52"/>
      </object_component>
      <object_component id="oc-275">
         <name>.text:__TI_printfi</name>
         <load_address>0x4ad2</load_address>
         <run_address>0x4ad2</run_address>
         <size>0x288</size>
         <input_file_ref idref="fl-48"/>
      </object_component>
      <object_component id="oc-488">
         <name>.text:__TI_frcmpyd</name>
         <load_address>0x4d5a</load_address>
         <run_address>0x4d5a</run_address>
         <size>0x286</size>
         <input_file_ref idref="fl-59"/>
      </object_component>
      <object_component id="oc-419">
         <name>.text:__mspabi_mpyd</name>
         <load_address>0x4fe0</load_address>
         <run_address>0x4fe0</run_address>
         <size>0x26e</size>
         <input_file_ref idref="fl-42"/>
      </object_component>
      <object_component id="oc-353">
         <name>.text:_pproc_fgea</name>
         <load_address>0x524e</load_address>
         <run_address>0x524e</run_address>
         <size>0x26e</size>
         <input_file_ref idref="fl-48"/>
      </object_component>
      <object_component id="oc-4f4">
         <name>.text:__TI_frcaddd</name>
         <load_address>0x54bc</load_address>
         <run_address>0x54bc</run_address>
         <size>0x260</size>
         <input_file_ref idref="fl-58"/>
      </object_component>
      <object_component id="oc-2e8">
         <name>.text:_setfield</name>
         <load_address>0x571c</load_address>
         <run_address>0x571c</run_address>
         <size>0x252</size>
         <input_file_ref idref="fl-48"/>
      </object_component>
      <object_component id="oc-42c">
         <name>.text:acvt</name>
         <load_address>0x596e</load_address>
         <run_address>0x596e</run_address>
         <size>0x244</size>
         <input_file_ref idref="fl-48"/>
      </object_component>
      <object_component id="oc-41f">
         <name>.text:__mspabi_divd</name>
         <load_address>0x5bb2</load_address>
         <run_address>0x5bb2</run_address>
         <size>0x238</size>
         <input_file_ref idref="fl-3e"/>
      </object_component>
      <object_component id="oc-38f">
         <name>.text:_getarg_diouxp</name>
         <load_address>0x5dea</load_address>
         <run_address>0x5dea</run_address>
         <size>0x1ec</size>
         <input_file_ref idref="fl-48"/>
      </object_component>
      <object_component id="oc-3f9">
         <name>.text:ecvt</name>
         <load_address>0x5fd6</load_address>
         <run_address>0x5fd6</run_address>
         <size>0x1de</size>
         <input_file_ref idref="fl-48"/>
      </object_component>
      <object_component id="oc-40c">
         <name>.text:fcvt</name>
         <load_address>0x61b4</load_address>
         <run_address>0x61b4</run_address>
         <size>0x1c4</size>
         <input_file_ref idref="fl-48"/>
      </object_component>
      <object_component id="oc-3b9">
         <name>.text:_pconv_e</name>
         <load_address>0x6378</load_address>
         <run_address>0x6378</run_address>
         <size>0x1a6</size>
         <input_file_ref idref="fl-48"/>
      </object_component>
      <object_component id="oc-3bf">
         <name>.text:_pconv_a</name>
         <load_address>0x651e</load_address>
         <run_address>0x651e</run_address>
         <size>0x174</size>
         <input_file_ref idref="fl-48"/>
      </object_component>
      <object_component id="oc-49f">
         <name>.text:scalbn</name>
         <load_address>0x6692</load_address>
         <run_address>0x6692</run_address>
         <size>0x16a</size>
         <input_file_ref idref="fl-68"/>
      </object_component>
      <object_component id="oc-34d">
         <name>.text:_pproc_diouxp</name>
         <load_address>0x67fc</load_address>
         <run_address>0x67fc</run_address>
         <size>0x14c</size>
         <input_file_ref idref="fl-48"/>
      </object_component>
      <object_component id="oc-395">
         <name>.text:_ltostr</name>
         <load_address>0x6948</load_address>
         <run_address>0x6948</run_address>
         <size>0x12e</size>
         <input_file_ref idref="fl-48"/>
      </object_component>
      <object_component id="oc-3ad">
         <name>.text:_pconv_g</name>
         <load_address>0x6a76</load_address>
         <run_address>0x6a76</run_address>
         <size>0xf8</size>
         <input_file_ref idref="fl-48"/>
      </object_component>
      <object_component id="oc-2e2">
         <name>.text:_pproc_fwp</name>
         <load_address>0x6b6e</load_address>
         <run_address>0x6b6e</run_address>
         <size>0xe0</size>
         <input_file_ref idref="fl-48"/>
      </object_component>
      <object_component id="oc-3c5">
         <name>.text:__mspabi_cmpd</name>
         <load_address>0x6c4e</load_address>
         <run_address>0x6c4e</run_address>
         <size>0xdc</size>
         <input_file_ref idref="fl-53"/>
      </object_component>
      <object_component id="oc-2f4">
         <name>.text:_pproc_wstr</name>
         <load_address>0x6d2a</load_address>
         <run_address>0x6d2a</run_address>
         <size>0xc4</size>
         <input_file_ref idref="fl-48"/>
      </object_component>
      <object_component id="oc-510">
         <name>.text:__TI_renormd</name>
         <load_address>0x6dee</load_address>
         <run_address>0x6dee</run_address>
         <size>0xbe</size>
         <input_file_ref idref="fl-5b"/>
      </object_component>
      <object_component id="oc-426">
         <name>.text:frexp</name>
         <load_address>0x6eac</load_address>
         <run_address>0x6eac</run_address>
         <size>0xb0</size>
         <input_file_ref idref="fl-67"/>
      </object_component>
      <object_component id="oc-46b">
         <name>.text:__mspabi_fltlid</name>
         <load_address>0x6f5c</load_address>
         <run_address>0x6f5c</run_address>
         <size>0xac</size>
         <input_file_ref idref="fl-57"/>
      </object_component>
      <object_component id="oc-2ee">
         <name>.text:_pproc_str</name>
         <load_address>0x7008</load_address>
         <run_address>0x7008</run_address>
         <size>0xac</size>
         <input_file_ref idref="fl-48"/>
      </object_component>
      <object_component id="oc-2c9">
         <name>.text:LCD_WriteByte</name>
         <load_address>0x70b4</load_address>
         <run_address>0x70b4</run_address>
         <size>0x94</size>
         <input_file_ref idref="fl-5"/>
      </object_component>
      <object_component id="oc-405">
         <name>.text:_mcpy</name>
         <load_address>0x7148</load_address>
         <run_address>0x7148</run_address>
         <size>0x92</size>
         <input_file_ref idref="fl-48"/>
      </object_component>
      <object_component id="oc-3ff">
         <name>.text:_ecpy</name>
         <load_address>0x71da</load_address>
         <run_address>0x71da</run_address>
         <size>0x8e</size>
         <input_file_ref idref="fl-48"/>
      </object_component>
      <object_component id="oc-465">
         <name>.text:__TI_ltoa</name>
         <load_address>0x7268</load_address>
         <run_address>0x7268</run_address>
         <size>0x84</size>
         <input_file_ref idref="fl-5c"/>
      </object_component>
      <object_component id="oc-30">
         <name>.text:decompress:lzss:__TI_decompress_lzss</name>
         <load_address>0x72ec</load_address>
         <run_address>0x72ec</run_address>
         <size>0x7c</size>
         <input_file_ref idref="fl-3b"/>
      </object_component>
      <object_component id="oc-3b3">
         <name>.text:_pconv_f</name>
         <load_address>0x7368</load_address>
         <run_address>0x7368</run_address>
         <size>0x7a</size>
         <input_file_ref idref="fl-48"/>
      </object_component>
      <object_component id="oc-253">
         <name>.text:res_measure</name>
         <load_address>0x73e2</load_address>
         <run_address>0x73e2</run_address>
         <size>0x7a</size>
         <input_file_ref idref="fl-3"/>
      </object_component>
      <object_component id="oc-45f">
         <name>.text:__mspabi_fixdli</name>
         <load_address>0x745c</load_address>
         <run_address>0x745c</run_address>
         <size>0x72</size>
         <input_file_ref idref="fl-55"/>
      </object_component>
      <object_component id="oc-129">
         <name>.text:I2C_ISR</name>
         <load_address>0x74ce</load_address>
         <run_address>0x74ce</run_address>
         <size>0x62</size>
         <input_file_ref idref="fl-2"/>
      </object_component>
      <object_component id="oc-1f8">
         <name>.text:LCD_message</name>
         <load_address>0x7530</load_address>
         <run_address>0x7530</run_address>
         <size>0x60</size>
         <input_file_ref idref="fl-5"/>
      </object_component>
      <object_component id="oc-4bf">
         <name>.text:l_lsr_const</name>
         <load_address>0x7590</load_address>
         <run_address>0x7590</run_address>
         <size>0x5c</size>
         <input_file_ref idref="fl-4e"/>
      </object_component>
      <object_component id="oc-19f">
         <name>.text:main</name>
         <load_address>0x75ec</load_address>
         <run_address>0x75ec</run_address>
         <size>0x5c</size>
         <input_file_ref idref="fl-7"/>
      </object_component>
      <object_component id="oc-229">
         <name>.text:__TI_auto_init_nobinit_nopinit_hold_wdt:__TI_auto_init_nobinit_nopinit_hold_wdt</name>
         <load_address>0x7648</load_address>
         <run_address>0x7648</run_address>
         <size>0x58</size>
         <input_file_ref idref="fl-34"/>
      </object_component>
      <object_component id="oc-2d2">
         <name>.text</name>
         <load_address>0x76a0</load_address>
         <run_address>0x76a0</run_address>
         <size>0x58</size>
         <input_file_ref idref="fl-27"/>
      </object_component>
      <object_component id="oc-33f">
         <name>.text:atoi</name>
         <load_address>0x76f8</load_address>
         <run_address>0x76f8</run_address>
         <size>0x52</size>
         <input_file_ref idref="fl-5d"/>
      </object_component>
      <object_component id="oc-412">
         <name>.text:_fcpy</name>
         <load_address>0x774a</load_address>
         <run_address>0x774a</run_address>
         <size>0x4e</size>
         <input_file_ref idref="fl-48"/>
      </object_component>
      <object_component id="oc-fb">
         <name>.text</name>
         <load_address>0x7798</load_address>
         <run_address>0x7798</run_address>
         <size>0x4c</size>
         <input_file_ref idref="fl-4d"/>
      </object_component>
      <object_component id="oc-1df">
         <name>.text:LCD_init</name>
         <load_address>0x77e4</load_address>
         <run_address>0x77e4</run_address>
         <size>0x46</size>
         <input_file_ref idref="fl-5"/>
      </object_component>
      <object_component id="oc-3ea">
         <name>.text:__mspabi_srlll</name>
         <load_address>0x782a</load_address>
         <run_address>0x782a</run_address>
         <size>0x46</size>
         <input_file_ref idref="fl-50"/>
      </object_component>
      <object_component id="oc-27e">
         <name>.text:LCD_set_pos</name>
         <load_address>0x7870</load_address>
         <run_address>0x7870</run_address>
         <size>0x44</size>
         <input_file_ref idref="fl-5"/>
      </object_component>
      <object_component id="oc-444">
         <name>.text:__mspabi_sllll</name>
         <load_address>0x78b4</load_address>
         <run_address>0x78b4</run_address>
         <size>0x44</size>
         <input_file_ref idref="fl-69"/>
      </object_component>
      <object_component id="oc-25e">
         <name>.text</name>
         <load_address>0x78f8</load_address>
         <run_address>0x78f8</run_address>
         <size>0x40</size>
         <input_file_ref idref="fl-26"/>
      </object_component>
      <object_component id="oc-4cf">
         <name>.text:l_asr_const</name>
         <load_address>0x7938</load_address>
         <run_address>0x7938</run_address>
         <size>0x3e</size>
         <input_file_ref idref="fl-4a"/>
      </object_component>
      <object_component id="oc-4b7">
         <name>.text:l_lsl_const</name>
         <load_address>0x7976</load_address>
         <run_address>0x7976</run_address>
         <size>0x3e</size>
         <input_file_ref idref="fl-4c"/>
      </object_component>
      <object_component id="oc-1e5">
         <name>.text:R22_get_resistance</name>
         <load_address>0x79b4</load_address>
         <run_address>0x79b4</run_address>
         <size>0x3c</size>
         <input_file_ref idref="fl-3"/>
      </object_component>
      <object_component id="oc-1f2">
         <name>.text:sprintf</name>
         <load_address>0x79f0</load_address>
         <run_address>0x79f0</run_address>
         <size>0x38</size>
         <input_file_ref idref="fl-25"/>
      </object_component>
      <object_component id="oc-1fe">
         <name>.text:wait_1ms</name>
         <load_address>0x7a28</load_address>
         <run_address>0x7a28</run_address>
         <size>0x36</size>
         <input_file_ref idref="fl-9"/>
      </object_component>
      <object_component id="oc-1d3">
         <name>.text:Init_System_Clock</name>
         <load_address>0x7a5e</load_address>
         <run_address>0x7a5e</run_address>
         <size>0x30</size>
         <input_file_ref idref="fl-9"/>
      </object_component>
      <object_component id="oc-471">
         <name>.text:__mspabi_subd</name>
         <load_address>0x7a8e</load_address>
         <run_address>0x7a8e</run_address>
         <size>0x2e</size>
         <input_file_ref idref="fl-43"/>
      </object_component>
      <object_component id="oc-4e3">
         <name>.text:copysign</name>
         <load_address>0x7abc</load_address>
         <run_address>0x7abc</run_address>
         <size>0x2e</size>
         <input_file_ref idref="fl-6a"/>
      </object_component>
      <object_component id="oc-259">
         <name>.text</name>
         <load_address>0x7aea</load_address>
         <run_address>0x7aea</run_address>
         <size>0x2e</size>
         <input_file_ref idref="fl-30"/>
      </object_component>
      <object_component id="oc-452">
         <name>.text</name>
         <load_address>0x7b18</load_address>
         <run_address>0x7b18</run_address>
         <size>0x2c</size>
         <input_file_ref idref="fl-49"/>
      </object_component>
      <object_component id="oc-f6">
         <name>.text</name>
         <load_address>0x7b44</load_address>
         <run_address>0x7b44</run_address>
         <size>0x2c</size>
         <input_file_ref idref="fl-2b"/>
      </object_component>
      <object_component id="oc-3a7">
         <name>.text:__mspabi_negd</name>
         <load_address>0x7b70</load_address>
         <run_address>0x7b70</run_address>
         <size>0x2a</size>
         <input_file_ref idref="fl-5a"/>
      </object_component>
      <object_component id="oc-477">
         <name>.text:__mspabi_fixdi</name>
         <load_address>0x7b9a</load_address>
         <run_address>0x7b9a</run_address>
         <size>0x28</size>
         <input_file_ref idref="fl-54"/>
      </object_component>
      <object_component id="oc-359">
         <name>.text:memccpy</name>
         <load_address>0x7bc2</load_address>
         <run_address>0x7bc2</run_address>
         <size>0x22</size>
         <input_file_ref idref="fl-5f"/>
      </object_component>
      <object_component id="oc-284">
         <name>.text:LCD_recode</name>
         <load_address>0x7be4</load_address>
         <run_address>0x7be4</run_address>
         <size>0x1c</size>
         <input_file_ref idref="fl-5"/>
      </object_component>
      <object_component id="oc-146">
         <name>.text:_c_int00_noargs</name>
         <load_address>0x7c00</load_address>
         <run_address>0x7c00</run_address>
         <size>0x1c</size>
         <input_file_ref idref="fl-33"/>
      </object_component>
      <object_component id="oc-269">
         <name>.text:_outs</name>
         <load_address>0x7c1c</load_address>
         <run_address>0x7c1c</run_address>
         <size>0x1a</size>
         <input_file_ref idref="fl-25"/>
      </object_component>
      <object_component id="oc-4a5">
         <name>.text:strchr</name>
         <load_address>0x7c36</load_address>
         <run_address>0x7c36</run_address>
         <size>0x1a</size>
         <input_file_ref idref="fl-61"/>
      </object_component>
      <object_component id="oc-3e5">
         <name>.text</name>
         <load_address>0x7c50</load_address>
         <run_address>0x7c50</run_address>
         <size>0x16</size>
         <input_file_ref idref="fl-4b"/>
      </object_component>
      <object_component id="oc-134">
         <name>.text:decompress:ZI:__TI_zero_init_nomemset:__TI_zero_init_nomemset</name>
         <load_address>0x7c66</load_address>
         <run_address>0x7c66</run_address>
         <size>0x14</size>
         <input_file_ref idref="fl-35"/>
      </object_component>
      <object_component id="oc-346">
         <name>.text:memset</name>
         <load_address>0x7c7a</load_address>
         <run_address>0x7c7a</run_address>
         <size>0x14</size>
         <input_file_ref idref="fl-60"/>
      </object_component>
      <object_component id="oc-32f">
         <name>.text</name>
         <load_address>0x7c8e</load_address>
         <run_address>0x7c8e</run_address>
         <size>0x14</size>
         <input_file_ref idref="fl-2d"/>
      </object_component>
      <object_component id="oc-361">
         <name>.text:wcslen</name>
         <load_address>0x7ca2</load_address>
         <run_address>0x7ca2</run_address>
         <size>0x14</size>
         <input_file_ref idref="fl-66"/>
      </object_component>
      <object_component id="oc-26f">
         <name>.text:_outc</name>
         <load_address>0x7cb6</load_address>
         <run_address>0x7cb6</run_address>
         <size>0x12</size>
         <input_file_ref idref="fl-25"/>
      </object_component>
      <object_component id="oc-36">
         <name>.text:decompress:none:__TI_decompress_none</name>
         <load_address>0x7cc8</load_address>
         <run_address>0x7cc8</run_address>
         <size>0x12</size>
         <input_file_ref idref="fl-3a"/>
      </object_component>
      <object_component id="oc-44a">
         <name>.text:l_lsr</name>
         <load_address>0x7cda</load_address>
         <run_address>0x7cda</run_address>
         <size>0x12</size>
         <input_file_ref idref="fl-4e"/>
      </object_component>
      <object_component id="oc-110">
         <name>.text:memcpy</name>
         <load_address>0x7cec</load_address>
         <run_address>0x7cec</run_address>
         <size>0x12</size>
         <input_file_ref idref="fl-47"/>
      </object_component>
      <object_component id="oc-24c">
         <name>.text:LCD_WriteCommand</name>
         <load_address>0x7cfe</load_address>
         <run_address>0x7cfe</run_address>
         <size>0x10</size>
         <input_file_ref idref="fl-5"/>
      </object_component>
      <object_component id="oc-28a">
         <name>.text:LCD_WriteData</name>
         <load_address>0x7d0e</load_address>
         <run_address>0x7d0e</run_address>
         <size>0x10</size>
         <input_file_ref idref="fl-5"/>
      </object_component>
      <object_component id="oc-1eb">
         <name>.text:LCD_clear</name>
         <load_address>0x7d1e</load_address>
         <run_address>0x7d1e</run_address>
         <size>0x10</size>
         <input_file_ref idref="fl-5"/>
      </object_component>
      <object_component id="oc-50b">
         <name>.text:l_asr</name>
         <load_address>0x7d2e</load_address>
         <run_address>0x7d2e</run_address>
         <size>0x10</size>
         <input_file_ref idref="fl-4a"/>
      </object_component>
      <object_component id="oc-506">
         <name>.text:l_lsl</name>
         <load_address>0x7d3e</load_address>
         <run_address>0x7d3e</run_address>
         <size>0x10</size>
         <input_file_ref idref="fl-4c"/>
      </object_component>
      <object_component id="oc-100">
         <name>.text</name>
         <load_address>0x7d4e</load_address>
         <run_address>0x7d4e</run_address>
         <size>0x10</size>
         <input_file_ref idref="fl-28"/>
      </object_component>
      <object_component id="oc-2dc">
         <name>.text:strlen</name>
         <load_address>0x7d5e</load_address>
         <run_address>0x7d5e</run_address>
         <size>0xe</size>
         <input_file_ref idref="fl-62"/>
      </object_component>
      <object_component id="oc-1d9">
         <name>.text:Init_System</name>
         <load_address>0x7d6c</load_address>
         <run_address>0x7d6c</run_address>
         <size>0xc</size>
         <input_file_ref idref="fl-9"/>
      </object_component>
      <object_component id="oc-4ab">
         <name>.text:__mspabi_fltid</name>
         <load_address>0x7d78</load_address>
         <run_address>0x7d78</run_address>
         <size>0xc</size>
         <input_file_ref idref="fl-56"/>
      </object_component>
      <object_component id="oc-123">
         <name>.text:isrTIMERA</name>
         <load_address>0x7d84</load_address>
         <run_address>0x7d84</run_address>
         <size>0xc</size>
         <input_file_ref idref="fl-3"/>
      </object_component>
      <object_component id="oc-3a1">
         <name>.text:toupper</name>
         <load_address>0x7d90</load_address>
         <run_address>0x7d90</run_address>
         <size>0xc</size>
         <input_file_ref idref="fl-63"/>
      </object_component>
      <object_component id="oc-47e">
         <name>.text:abs</name>
         <load_address>0x7d9c</load_address>
         <run_address>0x7d9c</run_address>
         <size>0xa</size>
         <input_file_ref idref="fl-65"/>
      </object_component>
      <object_component id="oc-12f">
         <name>.text:_isr:__TI_ISR_TRAP</name>
         <load_address>0x7da6</load_address>
         <run_address>0x7da6</run_address>
         <size>0x8</size>
         <input_file_ref idref="fl-2a"/>
      </object_component>
      <object_component id="oc-11d">
         <name>.text:ISR_trap</name>
         <load_address>0x7dae</load_address>
         <run_address>0x7dae</run_address>
         <size>0x6</size>
         <input_file_ref idref="fl-8"/>
      </object_component>
      <object_component id="oc-205">
         <name>.text:abort</name>
         <load_address>0x7db4</load_address>
         <run_address>0x7db4</run_address>
         <size>0x6</size>
         <input_file_ref idref="fl-44"/>
      </object_component>
      <object_component id="oc-199">
         <name>.text:_system_pre_init</name>
         <load_address>0x7dba</load_address>
         <run_address>0x7dba</run_address>
         <size>0x4</size>
         <input_file_ref idref="fl-38"/>
      </object_component>
      <object_component id="oc-2a6">
         <name>.text:_system_post_cinit</name>
         <load_address>0x7dbe</load_address>
         <run_address>0x7dbe</run_address>
         <size>0x2</size>
         <input_file_ref idref="fl-39"/>
      </object_component>
      <object_component id="oc-55f">
         <name>.cinit..data.load</name>
         <load_address>0x7eec</load_address>
         <run_address>0x7eec</run_address>
         <size>0x46</size>
      </object_component>
      <object_component id="oc-55c">
         <name>__TI_handler_table</name>
         <load_address>0x7f32</load_address>
         <run_address>0x7f32</run_address>
         <size>0x6</size>
      </object_component>
      <object_component id="oc-55e">
         <name>.cinit..bss.load</name>
         <load_address>0x7f38</load_address>
         <run_address>0x7f38</run_address>
         <size>0x4</size>
      </object_component>
      <object_component id="oc-55d">
         <name>__TI_cinit_table</name>
         <load_address>0x7f3c</load_address>
         <run_address>0x7f3c</run_address>
         <size>0x8</size>
      </object_component>
      <object_component id="oc-388">
         <name>.const:.string:_ctypes_</name>
         <load_address>0x7dc0</load_address>
         <run_address>0x7dc0</run_address>
         <size>0x101</size>
         <input_file_ref idref="fl-5e"/>
      </object_component>
      <object_component id="oc-34c">
         <name>.const:.string</name>
         <load_address>0x7ec2</load_address>
         <run_address>0x7ec2</run_address>
         <size>0x26</size>
         <input_file_ref idref="fl-48"/>
      </object_component>
      <object_component id="oc-1f1">
         <name>.const:.string</name>
         <load_address>0x7ee8</load_address>
         <run_address>0x7ee8</run_address>
         <size>0x4</size>
         <input_file_ref idref="fl-7"/>
      </object_component>
      <object_component id="oc-3c">
         <name>.int00</name>
         <load_address>0xffe0</load_address>
         <run_address>0xffe0</run_address>
         <size>0x2</size>
         <input_file_ref idref="fl-8"/>
      </object_component>
      <object_component id="oc-3d">
         <name>.int01</name>
         <load_address>0xffe2</load_address>
         <run_address>0xffe2</run_address>
         <size>0x2</size>
         <input_file_ref idref="fl-8"/>
      </object_component>
      <object_component id="oc-3e">
         <name>.int02</name>
         <load_address>0xffe4</load_address>
         <run_address>0xffe4</run_address>
         <size>0x2</size>
         <input_file_ref idref="fl-8"/>
      </object_component>
      <object_component id="oc-3f">
         <name>.int03</name>
         <load_address>0xffe6</load_address>
         <run_address>0xffe6</run_address>
         <size>0x2</size>
         <input_file_ref idref="fl-8"/>
      </object_component>
      <object_component id="oc-40">
         <name>.int04</name>
         <load_address>0xffe8</load_address>
         <run_address>0xffe8</run_address>
         <size>0x2</size>
         <input_file_ref idref="fl-8"/>
      </object_component>
      <object_component id="oc-41">
         <name>.int05</name>
         <load_address>0xffea</load_address>
         <run_address>0xffea</run_address>
         <size>0x2</size>
         <input_file_ref idref="fl-3"/>
      </object_component>
      <object_component id="oc-42">
         <name>.int06</name>
         <load_address>0xffec</load_address>
         <run_address>0xffec</run_address>
         <size>0x2</size>
         <input_file_ref idref="fl-8"/>
      </object_component>
      <object_component id="oc-43">
         <name>.int07</name>
         <load_address>0xffee</load_address>
         <run_address>0xffee</run_address>
         <size>0x2</size>
         <input_file_ref idref="fl-8"/>
      </object_component>
      <object_component id="oc-44">
         <name>.int08</name>
         <load_address>0xfff0</load_address>
         <run_address>0xfff0</run_address>
         <size>0x2</size>
         <input_file_ref idref="fl-2"/>
      </object_component>
      <object_component id="oc-45">
         <name>.int09</name>
         <load_address>0xfff2</load_address>
         <run_address>0xfff2</run_address>
         <size>0x2</size>
         <input_file_ref idref="fl-29"/>
      </object_component>
      <object_component id="oc-46">
         <name>.int10</name>
         <load_address>0xfff4</load_address>
         <run_address>0xfff4</run_address>
         <size>0x2</size>
         <input_file_ref idref="fl-8"/>
      </object_component>
      <object_component id="oc-47">
         <name>.int11</name>
         <load_address>0xfff6</load_address>
         <run_address>0xfff6</run_address>
         <size>0x2</size>
         <input_file_ref idref="fl-8"/>
      </object_component>
      <object_component id="oc-48">
         <name>.int12</name>
         <load_address>0xfff8</load_address>
         <run_address>0xfff8</run_address>
         <size>0x2</size>
         <input_file_ref idref="fl-8"/>
      </object_component>
      <object_component id="oc-49">
         <name>.int13</name>
         <load_address>0xfffa</load_address>
         <run_address>0xfffa</run_address>
         <size>0x2</size>
         <input_file_ref idref="fl-8"/>
      </object_component>
      <object_component id="oc-4a">
         <name>.int14</name>
         <load_address>0xfffc</load_address>
         <run_address>0xfffc</run_address>
         <size>0x2</size>
         <input_file_ref idref="fl-8"/>
      </object_component>
      <object_component id="oc-f5">
         <name>.reset</name>
         <load_address>0xfffe</load_address>
         <run_address>0xfffe</run_address>
         <size>0x2</size>
         <input_file_ref idref="fl-33"/>
      </object_component>
      <object_component id="oc-12c">
         <name>.debug_info</name>
         <load_address>0x0</load_address>
         <run_address>0x0</run_address>
         <size>0x11f</size>
         <input_file_ref idref="fl-2"/>
      </object_component>
      <object_component id="oc-10b">
         <name>.debug_info</name>
         <load_address>0x11f</load_address>
         <run_address>0x11f</run_address>
         <size>0x84</size>
         <input_file_ref idref="fl-2"/>
      </object_component>
      <object_component id="oc-1c6">
         <name>.debug_info</name>
         <load_address>0x1a3</load_address>
         <run_address>0x1a3</run_address>
         <size>0x39</size>
         <input_file_ref idref="fl-2"/>
      </object_component>
      <object_component id="oc-1e8">
         <name>.debug_info</name>
         <load_address>0x1dc</load_address>
         <run_address>0x1dc</run_address>
         <size>0x1c3</size>
         <input_file_ref idref="fl-3"/>
      </object_component>
      <object_component id="oc-256">
         <name>.debug_info</name>
         <load_address>0x39f</load_address>
         <run_address>0x39f</run_address>
         <size>0x16b</size>
         <input_file_ref idref="fl-3"/>
      </object_component>
      <object_component id="oc-124">
         <name>.debug_info</name>
         <load_address>0x50a</load_address>
         <run_address>0x50a</run_address>
         <size>0x141</size>
         <input_file_ref idref="fl-3"/>
      </object_component>
      <object_component id="oc-265">
         <name>.debug_info</name>
         <load_address>0x64b</load_address>
         <run_address>0x64b</run_address>
         <size>0x262</size>
         <input_file_ref idref="fl-5"/>
      </object_component>
      <object_component id="oc-30a">
         <name>.debug_info</name>
         <load_address>0x8ad</load_address>
         <run_address>0x8ad</run_address>
         <size>0xfa</size>
         <input_file_ref idref="fl-5"/>
      </object_component>
      <object_component id="oc-1e0">
         <name>.debug_info</name>
         <load_address>0x9a7</load_address>
         <run_address>0x9a7</run_address>
         <size>0x1b9</size>
         <input_file_ref idref="fl-5"/>
      </object_component>
      <object_component id="oc-1fb">
         <name>.debug_info</name>
         <load_address>0xb60</load_address>
         <run_address>0xb60</run_address>
         <size>0x18e</size>
         <input_file_ref idref="fl-5"/>
      </object_component>
      <object_component id="oc-1ef">
         <name>.debug_info</name>
         <load_address>0xcee</load_address>
         <run_address>0xcee</run_address>
         <size>0x139</size>
         <input_file_ref idref="fl-5"/>
      </object_component>
      <object_component id="oc-280">
         <name>.debug_info</name>
         <load_address>0xe27</load_address>
         <run_address>0xe27</run_address>
         <size>0x191</size>
         <input_file_ref idref="fl-5"/>
      </object_component>
      <object_component id="oc-24e">
         <name>.debug_info</name>
         <load_address>0xfb8</load_address>
         <run_address>0xfb8</run_address>
         <size>0x167</size>
         <input_file_ref idref="fl-5"/>
      </object_component>
      <object_component id="oc-28c">
         <name>.debug_info</name>
         <load_address>0x111f</load_address>
         <run_address>0x111f</run_address>
         <size>0x161</size>
         <input_file_ref idref="fl-5"/>
      </object_component>
      <object_component id="oc-2ca">
         <name>.debug_info</name>
         <load_address>0x1280</load_address>
         <run_address>0x1280</run_address>
         <size>0x170</size>
         <input_file_ref idref="fl-5"/>
      </object_component>
      <object_component id="oc-285">
         <name>.debug_info</name>
         <load_address>0x13f0</load_address>
         <run_address>0x13f0</run_address>
         <size>0x13f</size>
         <input_file_ref idref="fl-5"/>
      </object_component>
      <object_component id="oc-18c">
         <name>.debug_info</name>
         <load_address>0x152f</load_address>
         <run_address>0x152f</run_address>
         <size>0x3b4</size>
         <input_file_ref idref="fl-7"/>
      </object_component>
      <object_component id="oc-1a1">
         <name>.debug_info</name>
         <load_address>0x18e3</load_address>
         <run_address>0x18e3</run_address>
         <size>0x1e8</size>
         <input_file_ref idref="fl-7"/>
      </object_component>
      <object_component id="oc-1cb">
         <name>.debug_info</name>
         <load_address>0x1acb</load_address>
         <run_address>0x1acb</run_address>
         <size>0x26b</size>
         <input_file_ref idref="fl-7"/>
      </object_component>
      <object_component id="oc-244">
         <name>.debug_info</name>
         <load_address>0x1d36</load_address>
         <run_address>0x1d36</run_address>
         <size>0x282</size>
         <input_file_ref idref="fl-7"/>
      </object_component>
      <object_component id="oc-2fc">
         <name>.debug_info</name>
         <load_address>0x1fb8</load_address>
         <run_address>0x1fb8</run_address>
         <size>0x2c</size>
         <input_file_ref idref="fl-7"/>
      </object_component>
      <object_component id="oc-120">
         <name>.debug_info</name>
         <load_address>0x1fe4</load_address>
         <run_address>0x1fe4</run_address>
         <size>0x199</size>
         <input_file_ref idref="fl-8"/>
      </object_component>
      <object_component id="oc-24a">
         <name>.debug_info</name>
         <load_address>0x217d</load_address>
         <run_address>0x217d</run_address>
         <size>0x1ff</size>
         <input_file_ref idref="fl-9"/>
      </object_component>
      <object_component id="oc-1dd">
         <name>.debug_info</name>
         <load_address>0x237c</load_address>
         <run_address>0x237c</run_address>
         <size>0x132</size>
         <input_file_ref idref="fl-9"/>
      </object_component>
      <object_component id="oc-1d5">
         <name>.debug_info</name>
         <load_address>0x24ae</load_address>
         <run_address>0x24ae</run_address>
         <size>0x14a</size>
         <input_file_ref idref="fl-9"/>
      </object_component>
      <object_component id="oc-200">
         <name>.debug_info</name>
         <load_address>0x25f8</load_address>
         <run_address>0x25f8</run_address>
         <size>0x14b</size>
         <input_file_ref idref="fl-9"/>
      </object_component>
      <object_component id="oc-27c">
         <name>.debug_info</name>
         <load_address>0x2743</load_address>
         <run_address>0x2743</run_address>
         <size>0x20b</size>
         <input_file_ref idref="fl-25"/>
      </object_component>
      <object_component id="oc-1f4">
         <name>.debug_info</name>
         <load_address>0x294e</load_address>
         <run_address>0x294e</run_address>
         <size>0x1c2</size>
         <input_file_ref idref="fl-25"/>
      </object_component>
      <object_component id="oc-26a">
         <name>.debug_info</name>
         <load_address>0x2b10</load_address>
         <run_address>0x2b10</run_address>
         <size>0x198</size>
         <input_file_ref idref="fl-25"/>
      </object_component>
      <object_component id="oc-272">
         <name>.debug_info</name>
         <load_address>0x2ca8</load_address>
         <run_address>0x2ca8</run_address>
         <size>0x16d</size>
         <input_file_ref idref="fl-25"/>
      </object_component>
      <object_component id="oc-36d">
         <name>.debug_info</name>
         <load_address>0x2e15</load_address>
         <run_address>0x2e15</run_address>
         <size>0x2c</size>
         <input_file_ref idref="fl-25"/>
      </object_component>
      <object_component id="oc-25f">
         <name>.debug_info</name>
         <load_address>0x2e41</load_address>
         <run_address>0x2e41</run_address>
         <size>0x138</size>
         <input_file_ref idref="fl-26"/>
      </object_component>
      <object_component id="oc-2d4">
         <name>.debug_info</name>
         <load_address>0x2f79</load_address>
         <run_address>0x2f79</run_address>
         <size>0x123</size>
         <input_file_ref idref="fl-27"/>
      </object_component>
      <object_component id="oc-102">
         <name>.debug_info</name>
         <load_address>0x309c</load_address>
         <run_address>0x309c</run_address>
         <size>0x12e</size>
         <input_file_ref idref="fl-28"/>
      </object_component>
      <object_component id="oc-132">
         <name>.debug_info</name>
         <load_address>0x31ca</load_address>
         <run_address>0x31ca</run_address>
         <size>0x10f</size>
         <input_file_ref idref="fl-2a"/>
      </object_component>
      <object_component id="oc-f7">
         <name>.debug_info</name>
         <load_address>0x32d9</load_address>
         <run_address>0x32d9</run_address>
         <size>0x120</size>
         <input_file_ref idref="fl-2b"/>
      </object_component>
      <object_component id="oc-331">
         <name>.debug_info</name>
         <load_address>0x33f9</load_address>
         <run_address>0x33f9</run_address>
         <size>0x11f</size>
         <input_file_ref idref="fl-2d"/>
      </object_component>
      <object_component id="oc-25b">
         <name>.debug_info</name>
         <load_address>0x3518</load_address>
         <run_address>0x3518</run_address>
         <size>0x11f</size>
         <input_file_ref idref="fl-30"/>
      </object_component>
      <object_component id="oc-f3">
         <name>.debug_info</name>
         <load_address>0x3637</load_address>
         <run_address>0x3637</run_address>
         <size>0x100</size>
         <input_file_ref idref="fl-33"/>
      </object_component>
      <object_component id="oc-149">
         <name>.debug_info</name>
         <load_address>0x3737</load_address>
         <run_address>0x3737</run_address>
         <size>0x17a</size>
         <input_file_ref idref="fl-33"/>
      </object_component>
      <object_component id="oc-2ad">
         <name>.debug_info</name>
         <load_address>0x38b1</load_address>
         <run_address>0x38b1</run_address>
         <size>0x3de</size>
         <input_file_ref idref="fl-34"/>
      </object_component>
      <object_component id="oc-22b">
         <name>.debug_info</name>
         <load_address>0x3c8f</load_address>
         <run_address>0x3c8f</run_address>
         <size>0x211</size>
         <input_file_ref idref="fl-34"/>
      </object_component>
      <object_component id="oc-325">
         <name>.debug_info</name>
         <load_address>0x3ea0</load_address>
         <run_address>0x3ea0</run_address>
         <size>0x39</size>
         <input_file_ref idref="fl-34"/>
      </object_component>
      <object_component id="oc-336">
         <name>.debug_info</name>
         <load_address>0x3ed9</load_address>
         <run_address>0x3ed9</run_address>
         <size>0x2c</size>
         <input_file_ref idref="fl-34"/>
      </object_component>
      <object_component id="oc-2b8">
         <name>.debug_info</name>
         <load_address>0x3f05</load_address>
         <run_address>0x3f05</run_address>
         <size>0x2c</size>
         <input_file_ref idref="fl-34"/>
      </object_component>
      <object_component id="oc-32a">
         <name>.debug_info</name>
         <load_address>0x3f31</load_address>
         <run_address>0x3f31</run_address>
         <size>0xcd</size>
         <input_file_ref idref="fl-34"/>
      </object_component>
      <object_component id="oc-197">
         <name>.debug_info</name>
         <load_address>0x3ffe</load_address>
         <run_address>0x3ffe</run_address>
         <size>0x175</size>
         <input_file_ref idref="fl-35"/>
      </object_component>
      <object_component id="oc-137">
         <name>.debug_info</name>
         <load_address>0x4173</load_address>
         <run_address>0x4173</run_address>
         <size>0x1d2</size>
         <input_file_ref idref="fl-35"/>
      </object_component>
      <object_component id="oc-192">
         <name>.debug_info</name>
         <load_address>0x4345</load_address>
         <run_address>0x4345</run_address>
         <size>0x46</size>
         <input_file_ref idref="fl-35"/>
      </object_component>
      <object_component id="oc-17d">
         <name>.debug_info</name>
         <load_address>0x438b</load_address>
         <run_address>0x438b</run_address>
         <size>0x2c</size>
         <input_file_ref idref="fl-35"/>
      </object_component>
      <object_component id="oc-19c">
         <name>.debug_info</name>
         <load_address>0x43b7</load_address>
         <run_address>0x43b7</run_address>
         <size>0x153</size>
         <input_file_ref idref="fl-38"/>
      </object_component>
      <object_component id="oc-2a7">
         <name>.debug_info</name>
         <load_address>0x450a</load_address>
         <run_address>0x450a</run_address>
         <size>0x150</size>
         <input_file_ref idref="fl-39"/>
      </object_component>
      <object_component id="oc-11c">
         <name>.debug_info</name>
         <load_address>0x465a</load_address>
         <run_address>0x465a</run_address>
         <size>0x180</size>
         <input_file_ref idref="fl-3a"/>
      </object_component>
      <object_component id="oc-38">
         <name>.debug_info</name>
         <load_address>0x47da</load_address>
         <run_address>0x47da</run_address>
         <size>0x1ea</size>
         <input_file_ref idref="fl-3a"/>
      </object_component>
      <object_component id="oc-117">
         <name>.debug_info</name>
         <load_address>0x49c4</load_address>
         <run_address>0x49c4</run_address>
         <size>0x46</size>
         <input_file_ref idref="fl-3a"/>
      </object_component>
      <object_component id="oc-182">
         <name>.debug_info</name>
         <load_address>0x4a0a</load_address>
         <run_address>0x4a0a</run_address>
         <size>0x2c</size>
         <input_file_ref idref="fl-3a"/>
      </object_component>
      <object_component id="oc-17a">
         <name>.debug_info</name>
         <load_address>0x4a36</load_address>
         <run_address>0x4a36</run_address>
         <size>0x176</size>
         <input_file_ref idref="fl-3b"/>
      </object_component>
      <object_component id="oc-33">
         <name>.debug_info</name>
         <load_address>0x4bac</load_address>
         <run_address>0x4bac</run_address>
         <size>0x292</size>
         <input_file_ref idref="fl-3b"/>
      </object_component>
      <object_component id="oc-106">
         <name>.debug_info</name>
         <load_address>0x4e3e</load_address>
         <run_address>0x4e3e</run_address>
         <size>0x60</size>
         <input_file_ref idref="fl-3b"/>
      </object_component>
      <object_component id="oc-1bb">
         <name>.debug_info</name>
         <load_address>0x4e9e</load_address>
         <run_address>0x4e9e</run_address>
         <size>0x46</size>
         <input_file_ref idref="fl-3b"/>
      </object_component>
      <object_component id="oc-175">
         <name>.debug_info</name>
         <load_address>0x4ee4</load_address>
         <run_address>0x4ee4</run_address>
         <size>0x39</size>
         <input_file_ref idref="fl-3b"/>
      </object_component>
      <object_component id="oc-497">
         <name>.debug_info</name>
         <load_address>0x4f1d</load_address>
         <run_address>0x4f1d</run_address>
         <size>0x1a2</size>
         <input_file_ref idref="fl-3e"/>
      </object_component>
      <object_component id="oc-420">
         <name>.debug_info</name>
         <load_address>0x50bf</load_address>
         <run_address>0x50bf</run_address>
         <size>0x28a</size>
         <input_file_ref idref="fl-3e"/>
      </object_component>
      <object_component id="oc-434">
         <name>.debug_info</name>
         <load_address>0x5349</load_address>
         <run_address>0x5349</run_address>
         <size>0x94</size>
         <input_file_ref idref="fl-3e"/>
      </object_component>
      <object_component id="oc-4d9">
         <name>.debug_info</name>
         <load_address>0x53dd</load_address>
         <run_address>0x53dd</run_address>
         <size>0x172</size>
         <input_file_ref idref="fl-41"/>
      </object_component>
      <object_component id="oc-492">
         <name>.debug_info</name>
         <load_address>0x554f</load_address>
         <run_address>0x554f</run_address>
         <size>0x5cf</size>
         <input_file_ref idref="fl-41"/>
      </object_component>
      <object_component id="oc-48f">
         <name>.debug_info</name>
         <load_address>0x5b1e</load_address>
         <run_address>0x5b1e</run_address>
         <size>0x1a2</size>
         <input_file_ref idref="fl-42"/>
      </object_component>
      <object_component id="oc-41a">
         <name>.debug_info</name>
         <load_address>0x5cc0</load_address>
         <run_address>0x5cc0</run_address>
         <size>0x2e0</size>
         <input_file_ref idref="fl-42"/>
      </object_component>
      <object_component id="oc-473">
         <name>.debug_info</name>
         <load_address>0x5fa0</load_address>
         <run_address>0x5fa0</run_address>
         <size>0x18d</size>
         <input_file_ref idref="fl-43"/>
      </object_component>
      <object_component id="oc-207">
         <name>.debug_info</name>
         <load_address>0x612d</load_address>
         <run_address>0x612d</run_address>
         <size>0x122</size>
         <input_file_ref idref="fl-44"/>
      </object_component>
      <object_component id="oc-17c">
         <name>.debug_info</name>
         <load_address>0x624f</load_address>
         <run_address>0x624f</run_address>
         <size>0x181</size>
         <input_file_ref idref="fl-47"/>
      </object_component>
      <object_component id="oc-112">
         <name>.debug_info</name>
         <load_address>0x63d0</load_address>
         <run_address>0x63d0</run_address>
         <size>0x17a</size>
         <input_file_ref idref="fl-47"/>
      </object_component>
      <object_component id="oc-2fb">
         <name>.debug_info</name>
         <load_address>0x654a</load_address>
         <run_address>0x654a</run_address>
         <size>0x439</size>
         <input_file_ref idref="fl-48"/>
      </object_component>
      <object_component id="oc-2e5">
         <name>.debug_info</name>
         <load_address>0x6983</load_address>
         <run_address>0x6983</run_address>
         <size>0x22e</size>
         <input_file_ref idref="fl-48"/>
      </object_component>
      <object_component id="oc-391">
         <name>.debug_info</name>
         <load_address>0x6bb1</load_address>
         <run_address>0x6bb1</run_address>
         <size>0x1b3</size>
         <input_file_ref idref="fl-48"/>
      </object_component>
      <object_component id="oc-397">
         <name>.debug_info</name>
         <load_address>0x6d64</load_address>
         <run_address>0x6d64</run_address>
         <size>0x287</size>
         <input_file_ref idref="fl-48"/>
      </object_component>
      <object_component id="oc-34f">
         <name>.debug_info</name>
         <load_address>0x6feb</load_address>
         <run_address>0x6feb</run_address>
         <size>0x24b</size>
         <input_file_ref idref="fl-48"/>
      </object_component>
      <object_component id="oc-3fb">
         <name>.debug_info</name>
         <load_address>0x7236</load_address>
         <run_address>0x7236</run_address>
         <size>0x3d0</size>
         <input_file_ref idref="fl-48"/>
      </object_component>
      <object_component id="oc-402">
         <name>.debug_info</name>
         <load_address>0x7606</load_address>
         <run_address>0x7606</run_address>
         <size>0x1bd</size>
         <input_file_ref idref="fl-48"/>
      </object_component>
      <object_component id="oc-408">
         <name>.debug_info</name>
         <load_address>0x77c3</load_address>
         <run_address>0x77c3</run_address>
         <size>0x21b</size>
         <input_file_ref idref="fl-48"/>
      </object_component>
      <object_component id="oc-3af">
         <name>.debug_info</name>
         <load_address>0x79de</load_address>
         <run_address>0x79de</run_address>
         <size>0x26d</size>
         <input_file_ref idref="fl-48"/>
      </object_component>
      <object_component id="oc-40e">
         <name>.debug_info</name>
         <load_address>0x7c4b</load_address>
         <run_address>0x7c4b</run_address>
         <size>0x3e7</size>
         <input_file_ref idref="fl-48"/>
      </object_component>
      <object_component id="oc-415">
         <name>.debug_info</name>
         <load_address>0x8032</load_address>
         <run_address>0x8032</run_address>
         <size>0x206</size>
         <input_file_ref idref="fl-48"/>
      </object_component>
      <object_component id="oc-3b5">
         <name>.debug_info</name>
         <load_address>0x8238</load_address>
         <run_address>0x8238</run_address>
         <size>0x232</size>
         <input_file_ref idref="fl-48"/>
      </object_component>
      <object_component id="oc-3bb">
         <name>.debug_info</name>
         <load_address>0x846a</load_address>
         <run_address>0x846a</run_address>
         <size>0x376</size>
         <input_file_ref idref="fl-48"/>
      </object_component>
      <object_component id="oc-42e">
         <name>.debug_info</name>
         <load_address>0x87e0</load_address>
         <run_address>0x87e0</run_address>
         <size>0x45e</size>
         <input_file_ref idref="fl-48"/>
      </object_component>
      <object_component id="oc-3c1">
         <name>.debug_info</name>
         <load_address>0x8c3e</load_address>
         <run_address>0x8c3e</run_address>
         <size>0x280</size>
         <input_file_ref idref="fl-48"/>
      </object_component>
      <object_component id="oc-356">
         <name>.debug_info</name>
         <load_address>0x8ebe</load_address>
         <run_address>0x8ebe</run_address>
         <size>0x395</size>
         <input_file_ref idref="fl-48"/>
      </object_component>
      <object_component id="oc-2eb">
         <name>.debug_info</name>
         <load_address>0x9253</load_address>
         <run_address>0x9253</run_address>
         <size>0x305</size>
         <input_file_ref idref="fl-48"/>
      </object_component>
      <object_component id="oc-2f1">
         <name>.debug_info</name>
         <load_address>0x9558</load_address>
         <run_address>0x9558</run_address>
         <size>0x26d</size>
         <input_file_ref idref="fl-48"/>
      </object_component>
      <object_component id="oc-2f7">
         <name>.debug_info</name>
         <load_address>0x97c5</load_address>
         <run_address>0x97c5</run_address>
         <size>0x26a</size>
         <input_file_ref idref="fl-48"/>
      </object_component>
      <object_component id="oc-278">
         <name>.debug_info</name>
         <load_address>0x9a2f</load_address>
         <run_address>0x9a2f</run_address>
         <size>0x347</size>
         <input_file_ref idref="fl-48"/>
      </object_component>
      <object_component id="oc-301">
         <name>.debug_info</name>
         <load_address>0x9d76</load_address>
         <run_address>0x9d76</run_address>
         <size>0x86</size>
         <input_file_ref idref="fl-48"/>
      </object_component>
      <object_component id="oc-372">
         <name>.debug_info</name>
         <load_address>0x9dfc</load_address>
         <run_address>0x9dfc</run_address>
         <size>0x39</size>
         <input_file_ref idref="fl-48"/>
      </object_component>
      <object_component id="oc-458">
         <name>.debug_info</name>
         <load_address>0x9e35</load_address>
         <run_address>0x9e35</run_address>
         <size>0x94</size>
         <input_file_ref idref="fl-48"/>
      </object_component>
      <object_component id="oc-3f1">
         <name>.debug_info</name>
         <load_address>0x9ec9</load_address>
         <run_address>0x9ec9</run_address>
         <size>0x46</size>
         <input_file_ref idref="fl-48"/>
      </object_component>
      <object_component id="oc-39c">
         <name>.debug_info</name>
         <load_address>0x9f0f</load_address>
         <run_address>0x9f0f</run_address>
         <size>0x46</size>
         <input_file_ref idref="fl-48"/>
      </object_component>
      <object_component id="oc-454">
         <name>.debug_info</name>
         <load_address>0x9f55</load_address>
         <run_address>0x9f55</run_address>
         <size>0x120</size>
         <input_file_ref idref="fl-49"/>
      </object_component>
      <object_component id="oc-50e">
         <name>.debug_info</name>
         <load_address>0xa075</load_address>
         <run_address>0xa075</run_address>
         <size>0x120</size>
         <input_file_ref idref="fl-4a"/>
      </object_component>
      <object_component id="oc-4d2">
         <name>.debug_info</name>
         <load_address>0xa195</load_address>
         <run_address>0xa195</run_address>
         <size>0x126</size>
         <input_file_ref idref="fl-4a"/>
      </object_component>
      <object_component id="oc-3e8">
         <name>.debug_info</name>
         <load_address>0xa2bb</load_address>
         <run_address>0xa2bb</run_address>
         <size>0x121</size>
         <input_file_ref idref="fl-4b"/>
      </object_component>
      <object_component id="oc-508">
         <name>.debug_info</name>
         <load_address>0xa3dc</load_address>
         <run_address>0xa3dc</run_address>
         <size>0x120</size>
         <input_file_ref idref="fl-4c"/>
      </object_component>
      <object_component id="oc-4b8">
         <name>.debug_info</name>
         <load_address>0xa4fc</load_address>
         <run_address>0xa4fc</run_address>
         <size>0x126</size>
         <input_file_ref idref="fl-4c"/>
      </object_component>
      <object_component id="oc-fd">
         <name>.debug_info</name>
         <load_address>0xa622</load_address>
         <run_address>0xa622</run_address>
         <size>0x120</size>
         <input_file_ref idref="fl-4d"/>
      </object_component>
      <object_component id="oc-44b">
         <name>.debug_info</name>
         <load_address>0xa742</load_address>
         <run_address>0xa742</run_address>
         <size>0x120</size>
         <input_file_ref idref="fl-4e"/>
      </object_component>
      <object_component id="oc-4c2">
         <name>.debug_info</name>
         <load_address>0xa862</load_address>
         <run_address>0xa862</run_address>
         <size>0x126</size>
         <input_file_ref idref="fl-4e"/>
      </object_component>
      <object_component id="oc-3eb">
         <name>.debug_info</name>
         <load_address>0xa988</load_address>
         <run_address>0xa988</run_address>
         <size>0x193</size>
         <input_file_ref idref="fl-50"/>
      </object_component>
      <object_component id="oc-450">
         <name>.debug_info</name>
         <load_address>0xab1b</load_address>
         <run_address>0xab1b</run_address>
         <size>0x15c</size>
         <input_file_ref idref="fl-51"/>
      </object_component>
      <object_component id="oc-3e3">
         <name>.debug_info</name>
         <load_address>0xac77</load_address>
         <run_address>0xac77</run_address>
         <size>0x337</size>
         <input_file_ref idref="fl-51"/>
      </object_component>
      <object_component id="oc-4fb">
         <name>.debug_info</name>
         <load_address>0xafae</load_address>
         <run_address>0xafae</run_address>
         <size>0x1a7</size>
         <input_file_ref idref="fl-52"/>
      </object_component>
      <object_component id="oc-4ca">
         <name>.debug_info</name>
         <load_address>0xb155</load_address>
         <run_address>0xb155</run_address>
         <size>0x257</size>
         <input_file_ref idref="fl-52"/>
      </object_component>
      <object_component id="oc-3c6">
         <name>.debug_info</name>
         <load_address>0xb3ac</load_address>
         <run_address>0xb3ac</run_address>
         <size>0x1af</size>
         <input_file_ref idref="fl-53"/>
      </object_component>
      <object_component id="oc-478">
         <name>.debug_info</name>
         <load_address>0xb55b</load_address>
         <run_address>0xb55b</run_address>
         <size>0x171</size>
         <input_file_ref idref="fl-54"/>
      </object_component>
      <object_component id="oc-462">
         <name>.debug_info</name>
         <load_address>0xb6cc</load_address>
         <run_address>0xb6cc</run_address>
         <size>0x1c0</size>
         <input_file_ref idref="fl-55"/>
      </object_component>
      <object_component id="oc-4ac">
         <name>.debug_info</name>
[...]
         <name>_system_pre_init</name>
         <value>0x7dba</value>
         <object_component_ref idref="oc-199"/>
      </symbol>
      <symbol id="sm-2b2">
         <name>_system_post_cinit</name>
         <value>0x7dbe</value>
         <object_component_ref idref="oc-2a6"/>
      </symbol>
      <symbol id="sm-2c8">
         <name>__TI_decompress_none</name>
         <value>0x7cc8</value>
         <object_component_ref idref="oc-36"/>
      </symbol>
      <symbol id="sm-2eb">
         <name>__TI_decompress_lzss</name>
         <value>0x72ec</value>
         <object_component_ref idref="oc-30"/>
      </symbol>
      <symbol id="sm-313">
         <name>__mspabi_divd</name>
         <value>0x5bb2</value>
         <object_component_ref idref="oc-41f"/>
      </symbol>
      <symbol id="sm-330">
         <name>__TI_frcdivd</name>
         <value>0x4000</value>
         <object_component_ref idref="oc-490"/>
      </symbol>
      <symbol id="sm-352">
         <name>__mspabi_mpyd</name>
         <value>0x4fe0</value>
         <object_component_ref idref="oc-419"/>
      </symbol>
      <symbol id="sm-35b">
         <name>__mspabi_subd</name>
         <value>0x7a8e</value>
         <object_component_ref idref="oc-471"/>
      </symbol>
      <symbol id="sm-365">
         <name>C$$EXIT</name>
         <value>0x7db4</value>
         <object_component_ref idref="oc-205"/>
      </symbol>
      <symbol id="sm-366">
         <name>abort</name>
         <value>0x7db4</value>
         <object_component_ref idref="oc-205"/>
      </symbol>
      <symbol id="sm-376">
         <name>memcpy</name>
         <value>0x7cec</value>
         <object_component_ref idref="oc-110"/>
      </symbol>
      <symbol id="sm-547">
         <name>__TI_printfi</name>
         <value>0x4ad2</value>
         <object_component_ref idref="oc-275"/>
      </symbol>
      <symbol id="sm-54f">
         <name>__mspabi_srai</name>
         <value>0x7b18</value>
         <object_component_ref idref="oc-452"/>
      </symbol>
      <symbol id="sm-550">
         <name>__mspabi_srai_8</name>
         <value>0x7b32</value>
         <object_component_ref idref="oc-452"/>
      </symbol>
      <symbol id="sm-551">
         <name>__mspabi_srai_9</name>
         <value>0x7b30</value>
         <object_component_ref idref="oc-452"/>
      </symbol>
      <symbol id="sm-552">
         <name>__mspabi_srai_6</name>
         <value>0x7b36</value>
         <object_component_ref idref="oc-452"/>
      </symbol>
      <symbol id="sm-553">
         <name>__mspabi_srai_7</name>
         <value>0x7b34</value>
         <object_component_ref idref="oc-452"/>
      </symbol>
      <symbol id="sm-554">
         <name>__mspabi_srai_4</name>
         <value>0x7b3a</value>
         <object_component_ref idref="oc-452"/>
      </symbol>
      <symbol id="sm-555">
         <name>__mspabi_srai_5</name>
         <value>0x7b38</value>
         <object_component_ref idref="oc-452"/>
      </symbol>
      <symbol id="sm-556">
         <name>__mspabi_srai_2</name>
         <value>0x7b3e</value>
         <object_component_ref idref="oc-452"/>
      </symbol>
      <symbol id="sm-557">
         <name>__mspabi_srai_3</name>
         <value>0x7b3c</value>
         <object_component_ref idref="oc-452"/>
      </symbol>
      <symbol id="sm-558">
         <name>__mspabi_srai_1</name>
         <value>0x7b40</value>
         <object_component_ref idref="oc-452"/>
      </symbol>
      <symbol id="sm-559">
         <name>__mspabi_srai_15</name>
         <value>0x7b24</value>
         <object_component_ref idref="oc-452"/>
      </symbol>
      <symbol id="sm-55a">
         <name>__mspabi_srai_14</name>
         <value>0x7b26</value>
         <object_component_ref idref="oc-452"/>
      </symbol>
      <symbol id="sm-55b">
         <name>__mspabi_srai_13</name>
         <value>0x7b28</value>
         <object_component_ref idref="oc-452"/>
      </symbol>
      <symbol id="sm-55c">
         <name>__mspabi_srai_12</name>
         <value>0x7b2a</value>
         <object_component_ref idref="oc-452"/>
      </symbol>
      <symbol id="sm-55d">
         <name>__mspabi_srai_11</name>
         <value>0x7b2c</value>
         <object_component_ref idref="oc-452"/>
      </symbol>
      <symbol id="sm-55e">
         <name>__mspabi_srai_10</name>
         <value>0x7b2e</value>
         <object_component_ref idref="oc-452"/>
      </symbol>
      <symbol id="sm-56e">
         <name>__mspabi_sral</name>
         <value>0x7d2e</value>
         <object_component_ref idref="oc-50b"/>
      </symbol>
      <symbol id="sm-56f">
         <name>__mspabi_sral_15</name>
         <value>0x7938</value>
         <object_component_ref idref="oc-4cf"/>
      </symbol>
      <symbol id="sm-570">
         <name>__mspabi_sral_14</name>
         <value>0x793c</value>
         <object_component_ref idref="oc-4cf"/>
      </symbol>
      <symbol id="sm-571">
         <name>__mspabi_sral_13</name>
         <value>0x7940</value>
         <object_component_ref idref="oc-4cf"/>
      </symbol>
      <symbol id="sm-572">
         <name>__mspabi_sral_12</name>
         <value>0x7944</value>
         <object_component_ref idref="oc-4cf"/>
      </symbol>
      <symbol id="sm-573">
         <name>__mspabi_sral_11</name>
         <value>0x7948</value>
         <object_component_ref idref="oc-4cf"/>
      </symbol>
      <symbol id="sm-574">
         <name>__mspabi_sral_10</name>
         <value>0x794c</value>
         <object_component_ref idref="oc-4cf"/>
      </symbol>
      <symbol id="sm-575">
         <name>__mspabi_sral_8</name>
         <value>0x7954</value>
         <object_component_ref idref="oc-4cf"/>
      </symbol>
      <symbol id="sm-576">
         <name>__mspabi_sral_9</name>
         <value>0x7950</value>
         <object_component_ref idref="oc-4cf"/>
      </symbol>
      <symbol id="sm-577">
         <name>__mspabi_sral_6</name>
         <value>0x795c</value>
         <object_component_ref idref="oc-4cf"/>
      </symbol>
      <symbol id="sm-578">
         <name>__mspabi_sral_7</name>
         <value>0x7958</value>
         <object_component_ref idref="oc-4cf"/>
      </symbol>
      <symbol id="sm-579">
         <name>__mspabi_sral_4</name>
         <value>0x7964</value>
         <object_component_ref idref="oc-4cf"/>
      </symbol>
      <symbol id="sm-57a">
         <name>__mspabi_sral_5</name>
         <value>0x7960</value>
         <object_component_ref idref="oc-4cf"/>
      </symbol>
      <symbol id="sm-57b">
         <name>__mspabi_sral_2</name>
         <value>0x796c</value>
         <object_component_ref idref="oc-4cf"/>
      </symbol>
      <symbol id="sm-57c">
         <name>__mspabi_sral_3</name>
         <value>0x7968</value>
         <object_component_ref idref="oc-4cf"/>
      </symbol>
      <symbol id="sm-57d">
         <name>__mspabi_sral_1</name>
         <value>0x7970</value>
         <object_component_ref idref="oc-4cf"/>
      </symbol>
      <symbol id="sm-587">
         <name>__mspabi_remu</name>
         <value>0x7c50</value>
         <object_component_ref idref="oc-3e5"/>
      </symbol>
      <symbol id="sm-588">
         <name>__mspabi_divu</name>
         <value>0x7c50</value>
         <object_component_ref idref="oc-3e5"/>
      </symbol>
      <symbol id="sm-598">
         <name>__mspabi_slll_9</name>
         <value>0x798e</value>
         <object_component_ref idref="oc-4b7"/>
      </symbol>
      <symbol id="sm-599">
         <name>__mspabi_slll_8</name>
         <value>0x7992</value>
         <object_component_ref idref="oc-4b7"/>
      </symbol>
      <symbol id="sm-59a">
         <name>__mspabi_slll_7</name>
         <value>0x7996</value>
         <object_component_ref idref="oc-4b7"/>
      </symbol>
      <symbol id="sm-59b">
         <name>__mspabi_slll_6</name>
         <value>0x799a</value>
         <object_component_ref idref="oc-4b7"/>
      </symbol>
      <symbol id="sm-59c">
         <name>__mspabi_slll_5</name>
         <value>0x799e</value>
         <object_component_ref idref="oc-4b7"/>
      </symbol>
      <symbol id="sm-59d">
         <name>__mspabi_slll_4</name>
         <value>0x79a2</value>
         <object_component_ref idref="oc-4b7"/>
      </symbol>
      <symbol id="sm-59e">
         <name>__mspabi_slll_3</name>
         <value>0x79a6</value>
         <object_component_ref idref="oc-4b7"/>
      </symbol>
      <symbol id="sm-59f">
         <name>__mspabi_slll_2</name>
         <value>0x79aa</value>
         <object_component_ref idref="oc-4b7"/>
      </symbol>
      <symbol id="sm-5a0">
         <name>__mspabi_slll_1</name>
         <value>0x79ae</value>
         <object_component_ref idref="oc-4b7"/>
      </symbol>
      <symbol id="sm-5a1">
         <name>__mspabi_slll</name>
         <value>0x7d3e</value>
         <object_component_ref idref="oc-506"/>
      </symbol>
      <symbol id="sm-5a2">
         <name>__mspabi_slll_15</name>
         <value>0x7976</value>
         <object_component_ref idref="oc-4b7"/>
      </symbol>
      <symbol id="sm-5a3">
         <name>__mspabi_slll_14</name>
         <value>0x797a</value>
         <object_component_ref idref="oc-4b7"/>
      </symbol>
      <symbol id="sm-5a4">
         <name>__mspabi_slll_13</name>
         <value>0x797e</value>
         <object_component_ref idref="oc-4b7"/>
      </symbol>
      <symbol id="sm-5a5">
         <name>__mspabi_slll_12</name>
         <value>0x7982</value>
         <object_component_ref idref="oc-4b7"/>
      </symbol>
      <symbol id="sm-5a6">
         <name>__mspabi_slll_11</name>
         <value>0x7986</value>
         <object_component_ref idref="oc-4b7"/>
      </symbol>
      <symbol id="sm-5a7">
         <name>__mspabi_slll_10</name>
         <value>0x798a</value>
         <object_component_ref idref="oc-4b7"/>
      </symbol>
      <symbol id="sm-5af">
         <name>__mspabi_srli_8</name>
         <value>0x77c2</value>
         <object_component_ref idref="oc-fb"/>
      </symbol>
      <symbol id="sm-5b0">
         <name>__mspabi_srli_9</name>
         <value>0x77be</value>
         <object_component_ref idref="oc-fb"/>
      </symbol>
      <symbol id="sm-5b1">
         <name>__mspabi_srli_6</name>
         <value>0x77ca</value>
         <object_component_ref idref="oc-fb"/>
      </symbol>
      <symbol id="sm-5b2">
         <name>__mspabi_srli_7</name>
         <value>0x77c6</value>
         <object_component_ref idref="oc-fb"/>
      </symbol>
      <symbol id="sm-5b3">
         <name>__mspabi_srli_4</name>
         <value>0x77d2</value>
         <object_component_ref idref="oc-fb"/>
      </symbol>
      <symbol id="sm-5b4">
         <name>__mspabi_srli_5</name>
         <value>0x77ce</value>
         <object_component_ref idref="oc-fb"/>
      </symbol>
      <symbol id="sm-5b5">
         <name>__mspabi_srli_2</name>
         <value>0x77da</value>
         <object_component_ref idref="oc-fb"/>
      </symbol>
      <symbol id="sm-5b6">
         <name>__mspabi_srli_3</name>
         <value>0x77d6</value>
         <object_component_ref idref="oc-fb"/>
      </symbol>
      <symbol id="sm-5b7">
         <name>__mspabi_srli_1</name>
         <value>0x77de</value>
         <object_component_ref idref="oc-fb"/>
      </symbol>
      <symbol id="sm-5b8">
         <name>__mspabi_srli</name>
         <value>0x7798</value>
         <object_component_ref idref="oc-fb"/>
      </symbol>
      <symbol id="sm-5b9">
         <name>__mspabi_srli_15</name>
         <value>0x77a6</value>
         <object_component_ref idref="oc-fb"/>
      </symbol>
      <symbol id="sm-5ba">
         <name>__mspabi_srli_14</name>
         <value>0x77aa</value>
         <object_component_ref idref="oc-fb"/>
      </symbol>
      <symbol id="sm-5bb">
         <name>__mspabi_srli_13</name>
         <value>0x77ae</value>
         <object_component_ref idref="oc-fb"/>
      </symbol>
      <symbol id="sm-5bc">
         <name>__mspabi_srli_12</name>
         <value>0x77b2</value>
         <object_component_ref idref="oc-fb"/>
      </symbol>
      <symbol id="sm-5bd">
         <name>__mspabi_srli_11</name>
         <value>0x77b6</value>
         <object_component_ref idref="oc-fb"/>
      </symbol>
      <symbol id="sm-5be">
         <name>__mspabi_srli_10</name>
         <value>0x77ba</value>
         <object_component_ref idref="oc-fb"/>
      </symbol>
      <symbol id="sm-5ce">
         <name>__mspabi_srll_8</name>
         <value>0x75ba</value>
         <object_component_ref idref="oc-4bf"/>
      </symbol>
      <symbol id="sm-5cf">
         <name>__mspabi_srll_9</name>
         <value>0x75b4</value>
         <object_component_ref idref="oc-4bf"/>
      </symbol>
      <symbol id="sm-5d0">
         <name>__mspabi_srll_6</name>
         <value>0x75c6</value>
         <object_component_ref idref="oc-4bf"/>
      </symbol>
      <symbol id="sm-5d1">
         <name>__mspabi_srll_7</name>
         <value>0x75c0</value>
         <object_component_ref idref="oc-4bf"/>
      </symbol>
      <symbol id="sm-5d2">
         <name>__mspabi_srll_4</name>
         <value>0x75d2</value>
         <object_component_ref idref="oc-4bf"/>
      </symbol>
      <symbol id="sm-5d3">
         <name>__mspabi_srll_5</name>
         <value>0x75cc</value>
         <object_component_ref idref="oc-4bf"/>
      </symbol>
      <symbol id="sm-5d4">
         <name>__mspabi_srll_2</name>
         <value>0x75de</value>
         <object_component_ref idref="oc-4bf"/>
      </symbol>
      <symbol id="sm-5d5">
         <name>__mspabi_srll_3</name>
         <value>0x75d8</value>
         <object_component_ref idref="oc-4bf"/>
      </symbol>
      <symbol id="sm-5d6">
         <name>__mspabi_srll_1</name>
         <value>0x75e4</value>
         <object_component_ref idref="oc-4bf"/>
      </symbol>
      <symbol id="sm-5d7">
         <name>__mspabi_srll_15</name>
         <value>0x7590</value>
         <object_component_ref idref="oc-4bf"/>
      </symbol>
      <symbol id="sm-5d8">
         <name>__mspabi_srll_14</name>
         <value>0x7596</value>
         <object_component_ref idref="oc-4bf"/>
      </symbol>
      <symbol id="sm-5d9">
         <name>__mspabi_srll_13</name>
         <value>0x759c</value>
         <object_component_ref idref="oc-4bf"/>
      </symbol>
      <symbol id="sm-5da">
         <name>__mspabi_srll_12</name>
         <value>0x75a2</value>
         <object_component_ref idref="oc-4bf"/>
      </symbol>
      <symbol id="sm-5db">
         <name>__mspabi_srll_11</name>
         <value>0x75a8</value>
         <object_component_ref idref="oc-4bf"/>
      </symbol>
      <symbol id="sm-5dc">
         <name>__mspabi_srll_10</name>
         <value>0x75ae</value>
         <object_component_ref idref="oc-4bf"/>
      </symbol>
      <symbol id="sm-5dd">
         <name>__mspabi_srll</name>
         <value>0x7cda</value>
         <object_component_ref idref="oc-44a"/>
      </symbol>
      <symbol id="sm-5eb">
         <name>__mspabi_srlll</name>
         <value>0x782a</value>
         <object_component_ref idref="oc-3ea"/>
      </symbol>
      <symbol id="sm-61e">
         <name>__mspabi_divull</name>
         <value>0x4478</value>
         <object_component_ref idref="oc-3df"/>
      </symbol>
      <symbol id="sm-640">
         <name>__mspabi_addd</name>
         <value>0x47d8</value>
         <object_component_ref idref="oc-4c6"/>
      </symbol>
      <symbol id="sm-65a">
         <name>__mspabi_cmpd</name>
         <value>0x6c4e</value>
         <object_component_ref idref="oc-3c5"/>
      </symbol>
      <symbol id="sm-667">
         <name>__mspabi_fixdi</name>
         <value>0x7b9a</value>
         <object_component_ref idref="oc-477"/>
      </symbol>
      <symbol id="sm-676">
         <name>__mspabi_fixdli</name>
         <value>0x745c</value>
         <object_component_ref idref="oc-45f"/>
      </symbol>
      <symbol id="sm-67f">
         <name>__mspabi_fltid</name>
         <value>0x7d78</value>
         <object_component_ref idref="oc-4ab"/>
      </symbol>
      <symbol id="sm-696">
         <name>__mspabi_fltlid</name>
         <value>0x6f5c</value>
         <object_component_ref idref="oc-46b"/>
      </symbol>
      <symbol id="sm-6b7">
         <name>__TI_frcaddd</name>
         <value>0x54bc</value>
         <object_component_ref idref="oc-4f4"/>
      </symbol>
      <symbol id="sm-6c7">
         <name>__TI_frcmpyd</name>
         <value>0x4d5a</value>
         <object_component_ref idref="oc-488"/>
      </symbol>
      <symbol id="sm-6d0">
         <name>__mspabi_negd</name>
         <value>0x7b70</value>
         <object_component_ref idref="oc-3a7"/>
      </symbol>
      <symbol id="sm-6e3">
         <name>__TI_renormd</name>
         <value>0x6dee</value>
         <object_component_ref idref="oc-510"/>
      </symbol>
      <symbol id="sm-6f2">
         <name>__TI_ltoa</name>
         <value>0x7268</value>
         <object_component_ref idref="oc-465"/>
      </symbol>
      <symbol id="sm-705">
         <name>atoi</name>
         <value>0x76f8</value>
         <object_component_ref idref="oc-33f"/>
      </symbol>
      <symbol id="sm-70f">
         <name>_ctypes_</name>
         <value>0x7dc0</value>
         <object_component_ref idref="oc-388"/>
      </symbol>
      <symbol id="sm-71e">
         <name>memccpy</name>
         <value>0x7bc2</value>
         <object_component_ref idref="oc-359"/>
      </symbol>
      <symbol id="sm-72c">
         <name>memset</name>
         <value>0x7c7a</value>
         <object_component_ref idref="oc-346"/>
      </symbol>
      <symbol id="sm-73b">
         <name>strchr</name>
         <value>0x7c36</value>
         <object_component_ref idref="oc-4a5"/>
      </symbol>
      <symbol id="sm-748">
         <name>strlen</name>
         <value>0x7d5e</value>
         <object_component_ref idref="oc-2dc"/>
      </symbol>
      <symbol id="sm-755">
         <name>toupper</name>
         <value>0x7d90</value>
         <object_component_ref idref="oc-3a1"/>
      </symbol>
      <symbol id="sm-75c">
         <name>errno</name>
         <value>0x1140</value>
         <object_component_ref idref="oc-367"/>
      </symbol>
      <symbol id="sm-766">
         <name>abs</name>
         <value>0x7d9c</value>
         <object_component_ref idref="oc-47e"/>
      </symbol>
      <symbol id="sm-77e">
         <name>wcslen</name>
         <value>0x7ca2</value>
         <object_component_ref idref="oc-361"/>
      </symbol>
      <symbol id="sm-79a">
         <name>frexpl</name>
         <value>0x6eac</value>
         <object_component_ref idref="oc-426"/>
      </symbol>
      <symbol id="sm-79b">
         <name>frexp</name>
         <value>0x6eac</value>
         <object_component_ref idref="oc-426"/>
      </symbol>
      <symbol id="sm-7b3">
         <name>scalbn</name>
         <value>0x6692</value>
         <object_component_ref idref="oc-49f"/>
      </symbol>
      <symbol id="sm-7b4">
         <name>scalbnl</name>
         <value>0x6692</value>
         <object_component_ref idref="oc-49f"/>
      </symbol>
      <symbol id="sm-7b5">
         <name>ldexpl</name>
         <value>0x6692</value>
         <object_component_ref idref="oc-49f"/>
      </symbol>
      <symbol id="sm-7b6">
         <name>ldexp</name>
         <value>0x6692</value>
         <object_component_ref idref="oc-49f"/>
      </symbol>
      <symbol id="sm-7c3">
         <name>__mspabi_sllll</name>
         <value>0x78b4</value>
         <object_component_ref idref="oc-444"/>
      </symbol>
      <symbol id="sm-7cc">
         <name>copysign</name>
         <value>0x7abc</value>
         <object_component_ref idref="oc-4e3"/>
      </symbol>
      <symbol id="sm-7cd">
         <name>copysignl</name>
         <value>0x7abc</value>
         <object_component_ref idref="oc-4e3"/>
      </symbol>
   </symbol_table>
   <title>Link successful</title>
</link_info>
